
zad.elf:     file format elf32-avr

Sections:
Idx Name          Size      VMA       LMA       File off  Algn
  0 .data         000000b0  00800100  00000ff0  00001084  2**0
                  CONTENTS, ALLOC, LOAD, DATA
  1 .text         00000ff0  00000000  00000000  00000094  2**1
                  CONTENTS, ALLOC, LOAD, READONLY, CODE
  2 .bss          00000014  008001b0  008001b0  00001134  2**0
                  ALLOC
  3 .stab         00000b40  00000000  00000000  00001134  2**2
                  CONTENTS, READONLY, DEBUGGING
  4 .stabstr      00000f52  00000000  00000000  00001c74  2**0
                  CONTENTS, READONLY, DEBUGGING
  5 .comment      00000011  00000000  00000000  00002bc6  2**0
                  CONTENTS, READONLY
  6 .note.gnu.avr.deviceinfo 00000040  00000000  00000000  00002bd8  2**2
                  CONTENTS, READONLY
  7 .debug_info   000005f4  00000000  00000000  00002c18  2**0
                  CONTENTS, READONLY, DEBUGGING
  8 .debug_abbrev 000005a2  00000000  00000000  0000320c  2**0
                  CONTENTS, READONLY, DEBUGGING
  9 .debug_line   0000001a  00000000  00000000  000037ae  2**0
                  CONTENTS, READONLY, DEBUGGING
 10 .debug_str    00000208  00000000  00000000  000037c8  2**0
                  CONTENTS, READONLY, DEBUGGING

Disassembly of section .text:

00000000 <__vectors>:
   0:	0c 94 3a 00 	jmp	0x74	; 0x74 <__ctors_end>
   4:	0c 94 57 00 	jmp	0xae	; 0xae <__bad_interrupt>
   8:	0c 94 57 00 	jmp	0xae	; 0xae <__bad_interrupt>
   c:	0c 94 57 00 	jmp	0xae	; 0xae <__bad_interrupt>
  10:	0c 94 57 00 	jmp	0xae	; 0xae <__bad_interrupt>
  14:	0c 94 57 00 	jmp	0xae	; 0xae <__bad_interrupt>
  18:	0c 94 57 00 	jmp	0xae	; 0xae <__bad_interrupt>
  1c:	0c 94 57 00 	jmp	0xae	; 0xae <__bad_interrupt>
  20:	0c 94 57 00 	jmp	0xae	; 0xae <__bad_interrupt>
  24:	0c 94 57 00 	jmp	0xae	; 0xae <__bad_interrupt>
  28:	0c 94 57 00 	jmp	0xae	; 0xae <__bad_interrupt>
  2c:	0c 94 57 00 	jmp	0xae	; 0xae <__bad_interrupt>
  30:	0c 94 57 00 	jmp	0xae	; 0xae <__bad_interrupt>
  34:	0c 94 57 00 	jmp	0xae	; 0xae <__bad_interrupt>
  38:	0c 94 57 00 	jmp	0xae	; 0xae <__bad_interrupt>
  3c:	0c 94 57 00 	jmp	0xae	; 0xae <__bad_interrupt>
  40:	0c 94 57 00 	jmp	0xae	; 0xae <__bad_interrupt>
  44:	0c 94 57 00 	jmp	0xae	; 0xae <__bad_interrupt>
  48:	0c 94 57 00 	jmp	0xae	; 0xae <__bad_interrupt>
  4c:	0c 94 57 00 	jmp	0xae	; 0xae <__bad_interrupt>
  50:	0c 94 57 00 	jmp	0xae	; 0xae <__bad_interrupt>
  54:	0c 94 57 00 	jmp	0xae	; 0xae <__bad_interrupt>
  58:	0c 94 57 00 	jmp	0xae	; 0xae <__bad_interrupt>
  5c:	0c 94 57 00 	jmp	0xae	; 0xae <__bad_interrupt>
  60:	0c 94 57 00 	jmp	0xae	; 0xae <__bad_interrupt>
  64:	0c 94 57 00 	jmp	0xae	; 0xae <__bad_interrupt>

00000068 <__trampolines_end>:
  68:	63 64       	ori	r22, 0x43	; 67
  6a:	69 6e       	ori	r22, 0xE9	; 233
  6c:	6f 70       	andi	r22, 0x0F	; 15
  6e:	73 75       	andi	r23, 0x53	; 83
  70:	78 58       	subi	r23, 0x88	; 136
  72:	5b 00       	.word	0x005b	; ????

00000074 <__ctors_end>:
  74:	11 24       	eor	r1, r1
  76:	1f be       	out	0x3f, r1	; 63
  78:	cf ef       	ldi	r28, 0xFF	; 255
  7a:	d8 e0       	ldi	r29, 0x08	; 8
  7c:	de bf       	out	0x3e, r29	; 62
  7e:	cd bf       	out	0x3d, r28	; 61

00000080 <__do_copy_data>:
  80:	11 e0       	ldi	r17, 0x01	; 1
  82:	a0 e0       	ldi	r26, 0x00	; 0
  84:	b1 e0       	ldi	r27, 0x01	; 1
  86:	e0 ef       	ldi	r30, 0xF0	; 240
  88:	ff e0       	ldi	r31, 0x0F	; 15
  8a:	02 c0       	rjmp	.+4      	; 0x90 <__do_copy_data+0x10>
  8c:	05 90       	lpm	r0, Z+
  8e:	0d 92       	st	X+, r0
  90:	a0 3b       	cpi	r26, 0xB0	; 176
  92:	b1 07       	cpc	r27, r17
  94:	d9 f7       	brne	.-10     	; 0x8c <__do_copy_data+0xc>

00000096 <__do_clear_bss>:
  96:	21 e0       	ldi	r18, 0x01	; 1
  98:	a0 eb       	ldi	r26, 0xB0	; 176
  9a:	b1 e0       	ldi	r27, 0x01	; 1
  9c:	01 c0       	rjmp	.+2      	; 0xa0 <.do_clear_bss_start>

0000009e <.do_clear_bss_loop>:
  9e:	1d 92       	st	X+, r1

000000a0 <.do_clear_bss_start>:
  a0:	a4 3c       	cpi	r26, 0xC4	; 196
  a2:	b2 07       	cpc	r27, r18
  a4:	e1 f7       	brne	.-8      	; 0x9e <.do_clear_bss_loop>
  a6:	0e 94 f2 00 	call	0x1e4	; 0x1e4 <main>
  aa:	0c 94 f6 07 	jmp	0xfec	; 0xfec <_exit>

000000ae <__bad_interrupt>:
  ae:	0c 94 00 00 	jmp	0	; 0x0 <__vectors>

000000b2 <uart_transmit>:

// transmisja jednego znaku
int uart_transmit(char data, FILE *stream)
{
  // czekaj aż transmiter gotowy
  while(!(UCSR0A & _BV(UDRE0)));
  b2:	90 91 c0 00 	lds	r25, 0x00C0	; 0x8000c0 <__TEXT_REGION_LENGTH__+0x7e00c0>
  b6:	95 ff       	sbrs	r25, 5
  b8:	fc cf       	rjmp	.-8      	; 0xb2 <uart_transmit>
  UDR0 = data;
  ba:	80 93 c6 00 	sts	0x00C6, r24	; 0x8000c6 <__TEXT_REGION_LENGTH__+0x7e00c6>
  return 0;
}
  be:	80 e0       	ldi	r24, 0x00	; 0
  c0:	90 e0       	ldi	r25, 0x00	; 0
  c2:	08 95       	ret

000000c4 <uart_receive>:

// odczyt jednego znaku
int uart_receive(FILE *stream)
{
  // czekaj aż znak dostępny
  while (!(UCSR0A & _BV(RXC0)));
  c4:	80 91 c0 00 	lds	r24, 0x00C0	; 0x8000c0 <__TEXT_REGION_LENGTH__+0x7e00c0>
  c8:	87 ff       	sbrs	r24, 7
  ca:	fc cf       	rjmp	.-8      	; 0xc4 <uart_receive>
  return UDR0;
  cc:	80 91 c6 00 	lds	r24, 0x00C6	; 0x8000c6 <__TEXT_REGION_LENGTH__+0x7e00c6>
}
  d0:	90 e0       	ldi	r25, 0x00	; 0
  d2:	08 95       	ret

000000d4 <uart_init>:

// inicjalizacja UART
void uart_init()
{
  // ustaw baudrate
  UBRR0 = UBRR_VALUE;
  d4:	87 e6       	ldi	r24, 0x67	; 103
  d6:	90 e0       	ldi	r25, 0x00	; 0
  d8:	90 93 c5 00 	sts	0x00C5, r25	; 0x8000c5 <__TEXT_REGION_LENGTH__+0x7e00c5>
  dc:	80 93 c4 00 	sts	0x00C4, r24	; 0x8000c4 <__TEXT_REGION_LENGTH__+0x7e00c4>
  // wyczyść rejestr UCSR0A
  UCSR0A = 0;
  e0:	10 92 c0 00 	sts	0x00C0, r1	; 0x8000c0 <__TEXT_REGION_LENGTH__+0x7e00c0>
  // włącz odbiornik i nadajnik
  UCSR0B = _BV(RXEN0) | _BV(TXEN0);
  e4:	88 e1       	ldi	r24, 0x18	; 24
  e6:	80 93 c1 00 	sts	0x00C1, r24	; 0x8000c1 <__TEXT_REGION_LENGTH__+0x7e00c1>
  // ustaw format 8n1
  UCSR0C = _BV(UCSZ00) | _BV(UCSZ01);
  ea:	86 e0       	ldi	r24, 0x06	; 6
  ec:	80 93 c2 00 	sts	0x00C2, r24	; 0x8000c2 <__TEXT_REGION_LENGTH__+0x7e00c2>
  f0:	08 95       	ret

000000f2 <kropka>:

FILE uart_file;

void kropka()
{
  LED_PORT |= _BV(LED); // on
  f2:	2d 9a       	sbi	0x05, 5	; 5
	#else
		//round up by default
		__ticks_dc = (uint32_t)(ceil(fabs(__tmp)));
	#endif

	__builtin_avr_delay_cycles(__ticks_dc);
  f4:	2f ef       	ldi	r18, 0xFF	; 255
  f6:	89 e6       	ldi	r24, 0x69	; 105
  f8:	98 e1       	ldi	r25, 0x18	; 24
  fa:	21 50       	subi	r18, 0x01	; 1
  fc:	80 40       	sbci	r24, 0x00	; 0
  fe:	90 40       	sbci	r25, 0x00	; 0
 100:	e1 f7       	brne	.-8      	; 0xfa <kropka+0x8>
 102:	00 c0       	rjmp	.+0      	; 0x104 <kropka+0x12>
 104:	00 00       	nop
  _delay_ms(500);
  LED_PORT &= ~_BV(LED); // off
 106:	2d 98       	cbi	0x05, 5	; 5
 108:	2f ef       	ldi	r18, 0xFF	; 255
 10a:	83 ec       	ldi	r24, 0xC3	; 195
 10c:	99 e0       	ldi	r25, 0x09	; 9
 10e:	21 50       	subi	r18, 0x01	; 1
 110:	80 40       	sbci	r24, 0x00	; 0
 112:	90 40       	sbci	r25, 0x00	; 0
 114:	e1 f7       	brne	.-8      	; 0x10e <kropka+0x1c>
 116:	00 c0       	rjmp	.+0      	; 0x118 <kropka+0x26>
 118:	00 00       	nop
 11a:	08 95       	ret

0000011c <kreska>:

}

void kreska()
{
  LED_PORT |= _BV(LED); // on
 11c:	2d 9a       	sbi	0x05, 5	; 5
 11e:	2f ef       	ldi	r18, 0xFF	; 255
 120:	8d e3       	ldi	r24, 0x3D	; 61
 122:	99 e4       	ldi	r25, 0x49	; 73
 124:	21 50       	subi	r18, 0x01	; 1
 126:	80 40       	sbci	r24, 0x00	; 0
 128:	90 40       	sbci	r25, 0x00	; 0
 12a:	e1 f7       	brne	.-8      	; 0x124 <kreska+0x8>
 12c:	00 c0       	rjmp	.+0      	; 0x12e <kreska+0x12>
 12e:	00 00       	nop
  _delay_ms(1500);
  LED_PORT &= ~_BV(LED); // off
 130:	2d 98       	cbi	0x05, 5	; 5
 132:	2f ef       	ldi	r18, 0xFF	; 255
 134:	83 ec       	ldi	r24, 0xC3	; 195
 136:	99 e0       	ldi	r25, 0x09	; 9
 138:	21 50       	subi	r18, 0x01	; 1
 13a:	80 40       	sbci	r24, 0x00	; 0
 13c:	90 40       	sbci	r25, 0x00	; 0
 13e:	e1 f7       	brne	.-8      	; 0x138 <kreska+0x1c>
 140:	00 c0       	rjmp	.+0      	; 0x142 <kreska+0x26>
 142:	00 00       	nop
 144:	08 95       	ret

00000146 <literaNaMorsea>:
"- - * *"
};


void literaNaMorsea(char a)
{
 146:	cf 93       	push	r28
 148:	df 93       	push	r29
 14a:	88 0f       	add	r24, r24
 14c:	99 0b       	sbc	r25, r25
 14e:	fc 01       	movw	r30, r24
 150:	e2 5c       	subi	r30, 0xC2	; 194
 152:	ff 4f       	sbci	r31, 0xFF	; 255
 154:	a0 81       	ld	r26, Z
 156:	b1 81       	ldd	r27, Z+1	; 0x01
 158:	ed 01       	movw	r28, r26
 15a:	09 90       	ld	r0, Y+
 15c:	00 20       	and	r0, r0
 15e:	e9 f7       	brne	.-6      	; 0x15a <literaNaMorsea+0x14>
 160:	21 97       	sbiw	r28, 0x01	; 1
 162:	be 01       	movw	r22, r28
 164:	6a 1b       	sub	r22, r26
 166:	7b 0b       	sbc	r23, r27
  for(int i = 0; i < strlen(tab[a-97]);i++)
 168:	20 e0       	ldi	r18, 0x00	; 0
 16a:	30 e0       	ldi	r19, 0x00	; 0
 16c:	ad 01       	movw	r20, r26
 16e:	06 c0       	rjmp	.+12     	; 0x17c <literaNaMorsea+0x36>
  {
    if(tab[a-97][i] == '*')
      kropka();
    else if(tab[a-97][i] == '-')
 170:	9d 32       	cpi	r25, 0x2D	; 45
 172:	61 f1       	breq	.+88     	; 0x1cc <literaNaMorsea+0x86>
};


void literaNaMorsea(char a)
{
  for(int i = 0; i < strlen(tab[a-97]);i++)
 174:	2f 5f       	subi	r18, 0xFF	; 255
 176:	3f 4f       	sbci	r19, 0xFF	; 255
 178:	40 81       	ld	r20, Z
 17a:	51 81       	ldd	r21, Z+1	; 0x01
 17c:	26 17       	cp	r18, r22
 17e:	37 07       	cpc	r19, r23
 180:	70 f5       	brcc	.+92     	; 0x1de <literaNaMorsea+0x98>
  {
    if(tab[a-97][i] == '*')
 182:	da 01       	movw	r26, r20
 184:	a2 0f       	add	r26, r18
 186:	b3 1f       	adc	r27, r19
 188:	9c 91       	ld	r25, X
 18a:	9a 32       	cpi	r25, 0x2A	; 42
 18c:	89 f7       	brne	.-30     	; 0x170 <literaNaMorsea+0x2a>

FILE uart_file;

void kropka()
{
  LED_PORT |= _BV(LED); // on
 18e:	2d 9a       	sbi	0x05, 5	; 5
 190:	4f ef       	ldi	r20, 0xFF	; 255
 192:	89 e6       	ldi	r24, 0x69	; 105
 194:	98 e1       	ldi	r25, 0x18	; 24
 196:	41 50       	subi	r20, 0x01	; 1
 198:	80 40       	sbci	r24, 0x00	; 0
 19a:	90 40       	sbci	r25, 0x00	; 0
 19c:	e1 f7       	brne	.-8      	; 0x196 <literaNaMorsea+0x50>
 19e:	00 c0       	rjmp	.+0      	; 0x1a0 <literaNaMorsea+0x5a>
 1a0:	00 00       	nop

void kreska()
{
  LED_PORT |= _BV(LED); // on
  _delay_ms(1500);
  LED_PORT &= ~_BV(LED); // off
 1a2:	2d 98       	cbi	0x05, 5	; 5
 1a4:	4f ef       	ldi	r20, 0xFF	; 255
 1a6:	83 ec       	ldi	r24, 0xC3	; 195
 1a8:	99 e0       	ldi	r25, 0x09	; 9
 1aa:	41 50       	subi	r20, 0x01	; 1
 1ac:	80 40       	sbci	r24, 0x00	; 0
 1ae:	90 40       	sbci	r25, 0x00	; 0
 1b0:	e1 f7       	brne	.-8      	; 0x1aa <literaNaMorsea+0x64>
 1b2:	00 c0       	rjmp	.+0      	; 0x1b4 <literaNaMorsea+0x6e>
 1b4:	00 00       	nop
 1b6:	a0 81       	ld	r26, Z
 1b8:	b1 81       	ldd	r27, Z+1	; 0x01
 1ba:	ed 01       	movw	r28, r26
 1bc:	09 90       	ld	r0, Y+
 1be:	00 20       	and	r0, r0
 1c0:	e9 f7       	brne	.-6      	; 0x1bc <literaNaMorsea+0x76>
 1c2:	21 97       	sbiw	r28, 0x01	; 1
 1c4:	be 01       	movw	r22, r28
 1c6:	6a 1b       	sub	r22, r26
 1c8:	7b 0b       	sbc	r23, r27
 1ca:	d4 cf       	rjmp	.-88     	; 0x174 <literaNaMorsea+0x2e>

}

void kreska()
{
  LED_PORT |= _BV(LED); // on
 1cc:	2d 9a       	sbi	0x05, 5	; 5
 1ce:	4f ef       	ldi	r20, 0xFF	; 255
 1d0:	8d e3       	ldi	r24, 0x3D	; 61
 1d2:	99 e4       	ldi	r25, 0x49	; 73
 1d4:	41 50       	subi	r20, 0x01	; 1
 1d6:	80 40       	sbci	r24, 0x00	; 0
 1d8:	90 40       	sbci	r25, 0x00	; 0
 1da:	e1 f7       	brne	.-8      	; 0x1d4 <literaNaMorsea+0x8e>
 1dc:	e0 cf       	rjmp	.-64     	; 0x19e <literaNaMorsea+0x58>
    if(tab[a-97][i] == '*')
      kropka();
    else if(tab[a-97][i] == '-')
      kreska();
  }
}
 1de:	df 91       	pop	r29
 1e0:	cf 91       	pop	r28
 1e2:	08 95       	ret

000001e4 <main>:


int main() {
 1e4:	cf 93       	push	r28
 1e6:	df 93       	push	r29
 1e8:	cd b7       	in	r28, 0x3d	; 61
 1ea:	de b7       	in	r29, 0x3e	; 62
 1ec:	6e 97       	sbiw	r28, 0x1e	; 30
 1ee:	0f b6       	in	r0, 0x3f	; 63
 1f0:	f8 94       	cli
 1f2:	de bf       	out	0x3e, r29	; 62
 1f4:	0f be       	out	0x3f, r0	; 63
 1f6:	cd bf       	out	0x3d, r28	; 61

// inicjalizacja UART
void uart_init()
{
  // ustaw baudrate
  UBRR0 = UBRR_VALUE;
 1f8:	87 e6       	ldi	r24, 0x67	; 103
 1fa:	90 e0       	ldi	r25, 0x00	; 0
 1fc:	90 93 c5 00 	sts	0x00C5, r25	; 0x8000c5 <__TEXT_REGION_LENGTH__+0x7e00c5>
 200:	80 93 c4 00 	sts	0x00C4, r24	; 0x8000c4 <__TEXT_REGION_LENGTH__+0x7e00c4>
  // wyczyść rejestr UCSR0A
  UCSR0A = 0;
 204:	10 92 c0 00 	sts	0x00C0, r1	; 0x8000c0 <__TEXT_REGION_LENGTH__+0x7e00c0>
  // włącz odbiornik i nadajnik
  UCSR0B = _BV(RXEN0) | _BV(TXEN0);
 208:	88 e1       	ldi	r24, 0x18	; 24
 20a:	80 93 c1 00 	sts	0x00C1, r24	; 0x8000c1 <__TEXT_REGION_LENGTH__+0x7e00c1>
  // ustaw format 8n1
  UCSR0C = _BV(UCSZ00) | _BV(UCSZ01);
 20e:	86 e0       	ldi	r24, 0x06	; 6
 210:	80 93 c2 00 	sts	0x00C2, r24	; 0x8000c2 <__TEXT_REGION_LENGTH__+0x7e00c2>

int main() {
  // zainicjalizuj UART
  uart_init();
  // skonfiguruj strumienie wejścia/wyjścia
  fdev_setup_stream(&uart_file, uart_transmit, uart_receive, _FDEV_SETUP_RW);
 214:	80 eb       	ldi	r24, 0xB0	; 176
 216:	91 e0       	ldi	r25, 0x01	; 1
 218:	29 e5       	ldi	r18, 0x59	; 89
 21a:	30 e0       	ldi	r19, 0x00	; 0
 21c:	30 93 b9 01 	sts	0x01B9, r19	; 0x8001b9 <__data_end+0x9>
 220:	20 93 b8 01 	sts	0x01B8, r18	; 0x8001b8 <__data_end+0x8>
 224:	22 e6       	ldi	r18, 0x62	; 98
 226:	30 e0       	ldi	r19, 0x00	; 0
 228:	30 93 bb 01 	sts	0x01BB, r19	; 0x8001bb <__data_end+0xb>
 22c:	20 93 ba 01 	sts	0x01BA, r18	; 0x8001ba <__data_end+0xa>
 230:	23 e0       	ldi	r18, 0x03	; 3
 232:	20 93 b3 01 	sts	0x01B3, r18	; 0x8001b3 <__data_end+0x3>
 236:	10 92 bd 01 	sts	0x01BD, r1	; 0x8001bd <__data_end+0xd>
 23a:	10 92 bc 01 	sts	0x01BC, r1	; 0x8001bc <__data_end+0xc>
  stdin = stdout = stderr = &uart_file;
 23e:	90 93 c3 01 	sts	0x01C3, r25	; 0x8001c3 <__iob+0x5>
 242:	80 93 c2 01 	sts	0x01C2, r24	; 0x8001c2 <__iob+0x4>
 246:	90 93 c1 01 	sts	0x01C1, r25	; 0x8001c1 <__iob+0x3>
 24a:	80 93 c0 01 	sts	0x01C0, r24	; 0x8001c0 <__iob+0x2>
 24e:	90 93 bf 01 	sts	0x01BF, r25	; 0x8001bf <__iob+0x1>
 252:	80 93 be 01 	sts	0x01BE, r24	; 0x8001be <__iob>
 256:	8e 01       	movw	r16, r28
 258:	0f 5f       	subi	r16, 0xFF	; 255
 25a:	1f 4f       	sbci	r17, 0xFF	; 255
  while(1)
  {
    printf("Wpisz napis:\r\n" );
    char napis[30];
    scanf("%s", napis);
 25c:	82 e4       	ldi	r24, 0x42	; 66
 25e:	c8 2e       	mov	r12, r24
 260:	81 e0       	ldi	r24, 0x01	; 1
 262:	d8 2e       	mov	r13, r24
    printf("%s\r\n", napis );
 264:	95 e4       	ldi	r25, 0x45	; 69
 266:	e9 2e       	mov	r14, r25
 268:	91 e0       	ldi	r25, 0x01	; 1
 26a:	f9 2e       	mov	r15, r25
  // skonfiguruj strumienie wejścia/wyjścia
  fdev_setup_stream(&uart_file, uart_transmit, uart_receive, _FDEV_SETUP_RW);
  stdin = stdout = stderr = &uart_file;
  while(1)
  {
    printf("Wpisz napis:\r\n" );
 26c:	84 e3       	ldi	r24, 0x34	; 52
 26e:	91 e0       	ldi	r25, 0x01	; 1
 270:	0e 94 cd 01 	call	0x39a	; 0x39a <puts>
    char napis[30];
    scanf("%s", napis);
 274:	1f 93       	push	r17
 276:	0f 93       	push	r16
 278:	df 92       	push	r13
 27a:	cf 92       	push	r12
 27c:	0e 94 fd 01 	call	0x3fa	; 0x3fa <scanf>
    printf("%s\r\n", napis );
 280:	1f 93       	push	r17
 282:	0f 93       	push	r16
 284:	ff 92       	push	r15
 286:	ef 92       	push	r14
 288:	0e 94 b7 01 	call	0x36e	; 0x36e <printf>
    int dl = strlen(napis);
 28c:	f8 01       	movw	r30, r16
 28e:	01 90       	ld	r0, Z+
 290:	00 20       	and	r0, r0
 292:	e9 f7       	brne	.-6      	; 0x28e <main+0xaa>
 294:	31 97       	sbiw	r30, 0x01	; 1
 296:	bf 01       	movw	r22, r30
 298:	60 1b       	sub	r22, r16
 29a:	71 0b       	sbc	r23, r17
    for(int i = 0; i < dl; i++)
 29c:	0f b6       	in	r0, 0x3f	; 63
 29e:	f8 94       	cli
 2a0:	de bf       	out	0x3e, r29	; 62
 2a2:	0f be       	out	0x3f, r0	; 63
 2a4:	cd bf       	out	0x3d, r28	; 61
 2a6:	16 16       	cp	r1, r22
 2a8:	17 06       	cpc	r1, r23
 2aa:	04 f7       	brge	.-64     	; 0x26c <main+0x88>
 2ac:	58 01       	movw	r10, r16
 2ae:	60 0f       	add	r22, r16
 2b0:	71 1f       	adc	r23, r17
    {
      literaNaMorsea(napis[i]);
 2b2:	d5 01       	movw	r26, r10
 2b4:	ed 91       	ld	r30, X+
 2b6:	5d 01       	movw	r10, r26
 2b8:	ee 0f       	add	r30, r30
 2ba:	ff 0b       	sbc	r31, r31
 2bc:	e2 5c       	subi	r30, 0xC2	; 194
 2be:	ff 4f       	sbci	r31, 0xFF	; 255
 2c0:	80 81       	ld	r24, Z
 2c2:	91 81       	ldd	r25, Z+1	; 0x01
 2c4:	dc 01       	movw	r26, r24
 2c6:	0d 90       	ld	r0, X+
 2c8:	00 20       	and	r0, r0
 2ca:	e9 f7       	brne	.-6      	; 0x2c6 <main+0xe2>
 2cc:	ad 01       	movw	r20, r26
 2ce:	41 50       	subi	r20, 0x01	; 1
 2d0:	51 09       	sbc	r21, r1
 2d2:	48 1b       	sub	r20, r24
 2d4:	59 0b       	sbc	r21, r25
};


void literaNaMorsea(char a)
{
  for(int i = 0; i < strlen(tab[a-97]);i++)
 2d6:	80 e0       	ldi	r24, 0x00	; 0
 2d8:	90 e0       	ldi	r25, 0x00	; 0
 2da:	20 81       	ld	r18, Z
 2dc:	31 81       	ldd	r19, Z+1	; 0x01
 2de:	84 17       	cp	r24, r20
 2e0:	95 07       	cpc	r25, r21
 2e2:	70 f4       	brcc	.+28     	; 0x300 <main+0x11c>
  {
    if(tab[a-97][i] == '*')
 2e4:	d9 01       	movw	r26, r18
 2e6:	a8 0f       	add	r26, r24
 2e8:	b9 1f       	adc	r27, r25
 2ea:	2c 91       	ld	r18, X
 2ec:	2a 32       	cpi	r18, 0x2A	; 42
 2ee:	b1 f1       	breq	.+108    	; 0x35c <main+0x178>
      kropka();
    else if(tab[a-97][i] == '-')
 2f0:	2d 32       	cpi	r18, 0x2D	; 45
 2f2:	99 f0       	breq	.+38     	; 0x31a <main+0x136>
};


void literaNaMorsea(char a)
{
  for(int i = 0; i < strlen(tab[a-97]);i++)
 2f4:	01 96       	adiw	r24, 0x01	; 1
 2f6:	20 81       	ld	r18, Z
 2f8:	31 81       	ldd	r19, Z+1	; 0x01
 2fa:	84 17       	cp	r24, r20
 2fc:	95 07       	cpc	r25, r21
 2fe:	90 f3       	brcs	.-28     	; 0x2e4 <main+0x100>
 300:	bf ef       	ldi	r27, 0xFF	; 255
 302:	29 e6       	ldi	r18, 0x69	; 105
 304:	38 e1       	ldi	r19, 0x18	; 24
 306:	b1 50       	subi	r27, 0x01	; 1
 308:	20 40       	sbci	r18, 0x00	; 0
 30a:	30 40       	sbci	r19, 0x00	; 0
 30c:	e1 f7       	brne	.-8      	; 0x306 <main+0x122>
 30e:	00 c0       	rjmp	.+0      	; 0x310 <main+0x12c>
 310:	00 00       	nop
    printf("Wpisz napis:\r\n" );
    char napis[30];
    scanf("%s", napis);
    printf("%s\r\n", napis );
    int dl = strlen(napis);
    for(int i = 0; i < dl; i++)
 312:	a6 16       	cp	r10, r22
 314:	b7 06       	cpc	r11, r23
 316:	69 f6       	brne	.-102    	; 0x2b2 <main+0xce>
 318:	a9 cf       	rjmp	.-174    	; 0x26c <main+0x88>

}

void kreska()
{
  LED_PORT |= _BV(LED); // on
 31a:	2d 9a       	sbi	0x05, 5	; 5
 31c:	bf ef       	ldi	r27, 0xFF	; 255
 31e:	2d e3       	ldi	r18, 0x3D	; 61
 320:	39 e4       	ldi	r19, 0x49	; 73
 322:	b1 50       	subi	r27, 0x01	; 1
 324:	20 40       	sbci	r18, 0x00	; 0
 326:	30 40       	sbci	r19, 0x00	; 0
 328:	e1 f7       	brne	.-8      	; 0x322 <main+0x13e>
 32a:	00 c0       	rjmp	.+0      	; 0x32c <main+0x148>
 32c:	00 00       	nop
  _delay_ms(1500);
  LED_PORT &= ~_BV(LED); // off
 32e:	2d 98       	cbi	0x05, 5	; 5
 330:	4f ef       	ldi	r20, 0xFF	; 255
 332:	a3 ec       	ldi	r26, 0xC3	; 195
 334:	b9 e0       	ldi	r27, 0x09	; 9
 336:	41 50       	subi	r20, 0x01	; 1
 338:	a0 40       	sbci	r26, 0x00	; 0
 33a:	b0 40       	sbci	r27, 0x00	; 0
 33c:	e1 f7       	brne	.-8      	; 0x336 <main+0x152>
 33e:	00 c0       	rjmp	.+0      	; 0x340 <main+0x15c>
 340:	00 00       	nop
 342:	20 81       	ld	r18, Z
 344:	31 81       	ldd	r19, Z+1	; 0x01
 346:	d9 01       	movw	r26, r18
 348:	0d 90       	ld	r0, X+
 34a:	00 20       	and	r0, r0
 34c:	e9 f7       	brne	.-6      	; 0x348 <main+0x164>
 34e:	ad 01       	movw	r20, r26
 350:	41 50       	subi	r20, 0x01	; 1
 352:	51 09       	sbc	r21, r1
 354:	42 1b       	sub	r20, r18
 356:	53 0b       	sbc	r21, r19
};


void literaNaMorsea(char a)
{
  for(int i = 0; i < strlen(tab[a-97]);i++)
 358:	01 96       	adiw	r24, 0x01	; 1
 35a:	cd cf       	rjmp	.-102    	; 0x2f6 <main+0x112>

FILE uart_file;

void kropka()
{
  LED_PORT |= _BV(LED); // on
 35c:	2d 9a       	sbi	0x05, 5	; 5
 35e:	bf ef       	ldi	r27, 0xFF	; 255
 360:	29 e6       	ldi	r18, 0x69	; 105
 362:	38 e1       	ldi	r19, 0x18	; 24
 364:	b1 50       	subi	r27, 0x01	; 1
 366:	20 40       	sbci	r18, 0x00	; 0
 368:	30 40       	sbci	r19, 0x00	; 0
 36a:	e1 f7       	brne	.-8      	; 0x364 <main+0x180>
 36c:	de cf       	rjmp	.-68     	; 0x32a <main+0x146>

0000036e <printf>:
 36e:	a0 e0       	ldi	r26, 0x00	; 0
 370:	b0 e0       	ldi	r27, 0x00	; 0
 372:	ed eb       	ldi	r30, 0xBD	; 189
 374:	f1 e0       	ldi	r31, 0x01	; 1
 376:	0c 94 cf 07 	jmp	0xf9e	; 0xf9e <__prologue_saves__+0x20>
 37a:	ae 01       	movw	r20, r28
 37c:	4b 5f       	subi	r20, 0xFB	; 251
 37e:	5f 4f       	sbci	r21, 0xFF	; 255
 380:	fa 01       	movw	r30, r20
 382:	61 91       	ld	r22, Z+
 384:	71 91       	ld	r23, Z+
 386:	af 01       	movw	r20, r30
 388:	80 91 c0 01 	lds	r24, 0x01C0	; 0x8001c0 <__iob+0x2>
 38c:	90 91 c1 01 	lds	r25, 0x01C1	; 0x8001c1 <__iob+0x3>
 390:	0e 94 13 02 	call	0x426	; 0x426 <vfprintf>
 394:	e2 e0       	ldi	r30, 0x02	; 2
 396:	0c 94 eb 07 	jmp	0xfd6	; 0xfd6 <__epilogue_restores__+0x20>

0000039a <puts>:
 39a:	0f 93       	push	r16
 39c:	1f 93       	push	r17
 39e:	cf 93       	push	r28
 3a0:	df 93       	push	r29
 3a2:	e0 91 c0 01 	lds	r30, 0x01C0	; 0x8001c0 <__iob+0x2>
 3a6:	f0 91 c1 01 	lds	r31, 0x01C1	; 0x8001c1 <__iob+0x3>
 3aa:	23 81       	ldd	r18, Z+3	; 0x03
 3ac:	21 ff       	sbrs	r18, 1
 3ae:	1b c0       	rjmp	.+54     	; 0x3e6 <puts+0x4c>
 3b0:	8c 01       	movw	r16, r24
 3b2:	d0 e0       	ldi	r29, 0x00	; 0
 3b4:	c0 e0       	ldi	r28, 0x00	; 0
 3b6:	f8 01       	movw	r30, r16
 3b8:	81 91       	ld	r24, Z+
 3ba:	8f 01       	movw	r16, r30
 3bc:	60 91 c0 01 	lds	r22, 0x01C0	; 0x8001c0 <__iob+0x2>
 3c0:	70 91 c1 01 	lds	r23, 0x01C1	; 0x8001c1 <__iob+0x3>
 3c4:	db 01       	movw	r26, r22
 3c6:	18 96       	adiw	r26, 0x08	; 8
 3c8:	ed 91       	ld	r30, X+
 3ca:	fc 91       	ld	r31, X
 3cc:	19 97       	sbiw	r26, 0x09	; 9
 3ce:	88 23       	and	r24, r24
 3d0:	31 f0       	breq	.+12     	; 0x3de <puts+0x44>
 3d2:	09 95       	icall
 3d4:	89 2b       	or	r24, r25
 3d6:	79 f3       	breq	.-34     	; 0x3b6 <puts+0x1c>
 3d8:	df ef       	ldi	r29, 0xFF	; 255
 3da:	cf ef       	ldi	r28, 0xFF	; 255
 3dc:	ec cf       	rjmp	.-40     	; 0x3b6 <puts+0x1c>
 3de:	8a e0       	ldi	r24, 0x0A	; 10
 3e0:	09 95       	icall
 3e2:	89 2b       	or	r24, r25
 3e4:	19 f0       	breq	.+6      	; 0x3ec <puts+0x52>
 3e6:	8f ef       	ldi	r24, 0xFF	; 255
 3e8:	9f ef       	ldi	r25, 0xFF	; 255
 3ea:	02 c0       	rjmp	.+4      	; 0x3f0 <puts+0x56>
 3ec:	8d 2f       	mov	r24, r29
 3ee:	9c 2f       	mov	r25, r28
 3f0:	df 91       	pop	r29
 3f2:	cf 91       	pop	r28
 3f4:	1f 91       	pop	r17
 3f6:	0f 91       	pop	r16
 3f8:	08 95       	ret

000003fa <scanf>:
 3fa:	a0 e0       	ldi	r26, 0x00	; 0
 3fc:	b0 e0       	ldi	r27, 0x00	; 0
 3fe:	e3 e0       	ldi	r30, 0x03	; 3
 400:	f2 e0       	ldi	r31, 0x02	; 2
 402:	0c 94 cf 07 	jmp	0xf9e	; 0xf9e <__prologue_saves__+0x20>
 406:	ae 01       	movw	r20, r28
 408:	4b 5f       	subi	r20, 0xFB	; 251
 40a:	5f 4f       	sbci	r21, 0xFF	; 255
 40c:	fa 01       	movw	r30, r20
 40e:	61 91       	ld	r22, Z+
 410:	71 91       	ld	r23, Z+
 412:	af 01       	movw	r20, r30
 414:	80 91 be 01 	lds	r24, 0x01BE	; 0x8001be <__iob>
 418:	90 91 bf 01 	lds	r25, 0x01BF	; 0x8001bf <__iob+0x1>
 41c:	0e 94 90 05 	call	0xb20	; 0xb20 <vfscanf>
 420:	e2 e0       	ldi	r30, 0x02	; 2
 422:	0c 94 eb 07 	jmp	0xfd6	; 0xfd6 <__epilogue_restores__+0x20>

00000426 <vfprintf>:
 426:	ab e0       	ldi	r26, 0x0B	; 11
 428:	b0 e0       	ldi	r27, 0x00	; 0
 42a:	e9 e1       	ldi	r30, 0x19	; 25
 42c:	f2 e0       	ldi	r31, 0x02	; 2
 42e:	0c 94 bf 07 	jmp	0xf7e	; 0xf7e <__prologue_saves__>
 432:	6c 01       	movw	r12, r24
 434:	7b 01       	movw	r14, r22
 436:	8a 01       	movw	r16, r20
 438:	fc 01       	movw	r30, r24
 43a:	17 82       	std	Z+7, r1	; 0x07
 43c:	16 82       	std	Z+6, r1	; 0x06
 43e:	83 81       	ldd	r24, Z+3	; 0x03
 440:	81 ff       	sbrs	r24, 1
 442:	cc c1       	rjmp	.+920    	; 0x7dc <vfprintf+0x3b6>
 444:	ce 01       	movw	r24, r28
 446:	01 96       	adiw	r24, 0x01	; 1
 448:	3c 01       	movw	r6, r24
 44a:	f6 01       	movw	r30, r12
 44c:	93 81       	ldd	r25, Z+3	; 0x03
 44e:	f7 01       	movw	r30, r14
 450:	93 fd       	sbrc	r25, 3
 452:	85 91       	lpm	r24, Z+
 454:	93 ff       	sbrs	r25, 3
 456:	81 91       	ld	r24, Z+
 458:	7f 01       	movw	r14, r30
 45a:	88 23       	and	r24, r24
 45c:	09 f4       	brne	.+2      	; 0x460 <vfprintf+0x3a>
 45e:	ba c1       	rjmp	.+884    	; 0x7d4 <vfprintf+0x3ae>
 460:	85 32       	cpi	r24, 0x25	; 37
 462:	39 f4       	brne	.+14     	; 0x472 <vfprintf+0x4c>
 464:	93 fd       	sbrc	r25, 3
 466:	85 91       	lpm	r24, Z+
 468:	93 ff       	sbrs	r25, 3
 46a:	81 91       	ld	r24, Z+
 46c:	7f 01       	movw	r14, r30
 46e:	85 32       	cpi	r24, 0x25	; 37
 470:	29 f4       	brne	.+10     	; 0x47c <vfprintf+0x56>
 472:	b6 01       	movw	r22, r12
 474:	90 e0       	ldi	r25, 0x00	; 0
 476:	0e 94 09 07 	call	0xe12	; 0xe12 <fputc>
 47a:	e7 cf       	rjmp	.-50     	; 0x44a <vfprintf+0x24>
 47c:	91 2c       	mov	r9, r1
 47e:	21 2c       	mov	r2, r1
 480:	31 2c       	mov	r3, r1
 482:	ff e1       	ldi	r31, 0x1F	; 31
 484:	f3 15       	cp	r31, r3
 486:	d8 f0       	brcs	.+54     	; 0x4be <vfprintf+0x98>
 488:	8b 32       	cpi	r24, 0x2B	; 43
 48a:	79 f0       	breq	.+30     	; 0x4aa <vfprintf+0x84>
 48c:	38 f4       	brcc	.+14     	; 0x49c <vfprintf+0x76>
 48e:	80 32       	cpi	r24, 0x20	; 32
 490:	79 f0       	breq	.+30     	; 0x4b0 <vfprintf+0x8a>
 492:	83 32       	cpi	r24, 0x23	; 35
 494:	a1 f4       	brne	.+40     	; 0x4be <vfprintf+0x98>
 496:	23 2d       	mov	r18, r3
 498:	20 61       	ori	r18, 0x10	; 16
 49a:	1d c0       	rjmp	.+58     	; 0x4d6 <vfprintf+0xb0>
 49c:	8d 32       	cpi	r24, 0x2D	; 45
 49e:	61 f0       	breq	.+24     	; 0x4b8 <vfprintf+0x92>
 4a0:	80 33       	cpi	r24, 0x30	; 48
 4a2:	69 f4       	brne	.+26     	; 0x4be <vfprintf+0x98>
 4a4:	23 2d       	mov	r18, r3
 4a6:	21 60       	ori	r18, 0x01	; 1
 4a8:	16 c0       	rjmp	.+44     	; 0x4d6 <vfprintf+0xb0>
 4aa:	83 2d       	mov	r24, r3
 4ac:	82 60       	ori	r24, 0x02	; 2
 4ae:	38 2e       	mov	r3, r24
 4b0:	e3 2d       	mov	r30, r3
 4b2:	e4 60       	ori	r30, 0x04	; 4
 4b4:	3e 2e       	mov	r3, r30
 4b6:	2a c0       	rjmp	.+84     	; 0x50c <vfprintf+0xe6>
 4b8:	f3 2d       	mov	r31, r3
 4ba:	f8 60       	ori	r31, 0x08	; 8
 4bc:	1d c0       	rjmp	.+58     	; 0x4f8 <vfprintf+0xd2>
 4be:	37 fc       	sbrc	r3, 7
 4c0:	2d c0       	rjmp	.+90     	; 0x51c <vfprintf+0xf6>
 4c2:	20 ed       	ldi	r18, 0xD0	; 208
 4c4:	28 0f       	add	r18, r24
 4c6:	2a 30       	cpi	r18, 0x0A	; 10
 4c8:	40 f0       	brcs	.+16     	; 0x4da <vfprintf+0xb4>
 4ca:	8e 32       	cpi	r24, 0x2E	; 46
 4cc:	b9 f4       	brne	.+46     	; 0x4fc <vfprintf+0xd6>
 4ce:	36 fc       	sbrc	r3, 6
 4d0:	81 c1       	rjmp	.+770    	; 0x7d4 <vfprintf+0x3ae>
 4d2:	23 2d       	mov	r18, r3
 4d4:	20 64       	ori	r18, 0x40	; 64
 4d6:	32 2e       	mov	r3, r18
 4d8:	19 c0       	rjmp	.+50     	; 0x50c <vfprintf+0xe6>
 4da:	36 fe       	sbrs	r3, 6
 4dc:	06 c0       	rjmp	.+12     	; 0x4ea <vfprintf+0xc4>
 4de:	8a e0       	ldi	r24, 0x0A	; 10
 4e0:	98 9e       	mul	r9, r24
 4e2:	20 0d       	add	r18, r0
 4e4:	11 24       	eor	r1, r1
 4e6:	92 2e       	mov	r9, r18
 4e8:	11 c0       	rjmp	.+34     	; 0x50c <vfprintf+0xe6>
 4ea:	ea e0       	ldi	r30, 0x0A	; 10
 4ec:	2e 9e       	mul	r2, r30
 4ee:	20 0d       	add	r18, r0
 4f0:	11 24       	eor	r1, r1
 4f2:	22 2e       	mov	r2, r18
 4f4:	f3 2d       	mov	r31, r3
 4f6:	f0 62       	ori	r31, 0x20	; 32
 4f8:	3f 2e       	mov	r3, r31
 4fa:	08 c0       	rjmp	.+16     	; 0x50c <vfprintf+0xe6>
 4fc:	8c 36       	cpi	r24, 0x6C	; 108
 4fe:	21 f4       	brne	.+8      	; 0x508 <vfprintf+0xe2>
 500:	83 2d       	mov	r24, r3
 502:	80 68       	ori	r24, 0x80	; 128
 504:	38 2e       	mov	r3, r24
 506:	02 c0       	rjmp	.+4      	; 0x50c <vfprintf+0xe6>
 508:	88 36       	cpi	r24, 0x68	; 104
 50a:	41 f4       	brne	.+16     	; 0x51c <vfprintf+0xf6>
 50c:	f7 01       	movw	r30, r14
 50e:	93 fd       	sbrc	r25, 3
 510:	85 91       	lpm	r24, Z+
 512:	93 ff       	sbrs	r25, 3
 514:	81 91       	ld	r24, Z+
 516:	7f 01       	movw	r14, r30
 518:	81 11       	cpse	r24, r1
 51a:	b3 cf       	rjmp	.-154    	; 0x482 <vfprintf+0x5c>
 51c:	98 2f       	mov	r25, r24
 51e:	9f 7d       	andi	r25, 0xDF	; 223
 520:	95 54       	subi	r25, 0x45	; 69
 522:	93 30       	cpi	r25, 0x03	; 3
 524:	28 f4       	brcc	.+10     	; 0x530 <vfprintf+0x10a>
 526:	0c 5f       	subi	r16, 0xFC	; 252
 528:	1f 4f       	sbci	r17, 0xFF	; 255
 52a:	9f e3       	ldi	r25, 0x3F	; 63
 52c:	99 83       	std	Y+1, r25	; 0x01
 52e:	0d c0       	rjmp	.+26     	; 0x54a <vfprintf+0x124>
 530:	83 36       	cpi	r24, 0x63	; 99
 532:	31 f0       	breq	.+12     	; 0x540 <vfprintf+0x11a>
 534:	83 37       	cpi	r24, 0x73	; 115
 536:	71 f0       	breq	.+28     	; 0x554 <vfprintf+0x12e>
 538:	83 35       	cpi	r24, 0x53	; 83
 53a:	09 f0       	breq	.+2      	; 0x53e <vfprintf+0x118>
 53c:	59 c0       	rjmp	.+178    	; 0x5f0 <vfprintf+0x1ca>
 53e:	21 c0       	rjmp	.+66     	; 0x582 <vfprintf+0x15c>
 540:	f8 01       	movw	r30, r16
 542:	80 81       	ld	r24, Z
 544:	89 83       	std	Y+1, r24	; 0x01
 546:	0e 5f       	subi	r16, 0xFE	; 254
 548:	1f 4f       	sbci	r17, 0xFF	; 255
 54a:	88 24       	eor	r8, r8
 54c:	83 94       	inc	r8
 54e:	91 2c       	mov	r9, r1
 550:	53 01       	movw	r10, r6
 552:	13 c0       	rjmp	.+38     	; 0x57a <vfprintf+0x154>
 554:	28 01       	movw	r4, r16
 556:	f2 e0       	ldi	r31, 0x02	; 2
 558:	4f 0e       	add	r4, r31
 55a:	51 1c       	adc	r5, r1
 55c:	f8 01       	movw	r30, r16
 55e:	a0 80       	ld	r10, Z
 560:	b1 80       	ldd	r11, Z+1	; 0x01
 562:	36 fe       	sbrs	r3, 6
 564:	03 c0       	rjmp	.+6      	; 0x56c <vfprintf+0x146>
 566:	69 2d       	mov	r22, r9
 568:	70 e0       	ldi	r23, 0x00	; 0
 56a:	02 c0       	rjmp	.+4      	; 0x570 <vfprintf+0x14a>
 56c:	6f ef       	ldi	r22, 0xFF	; 255
 56e:	7f ef       	ldi	r23, 0xFF	; 255
 570:	c5 01       	movw	r24, r10
 572:	0e 94 c0 06 	call	0xd80	; 0xd80 <strnlen>
 576:	4c 01       	movw	r8, r24
 578:	82 01       	movw	r16, r4
 57a:	f3 2d       	mov	r31, r3
 57c:	ff 77       	andi	r31, 0x7F	; 127
 57e:	3f 2e       	mov	r3, r31
 580:	16 c0       	rjmp	.+44     	; 0x5ae <vfprintf+0x188>
 582:	28 01       	movw	r4, r16
 584:	22 e0       	ldi	r18, 0x02	; 2
 586:	42 0e       	add	r4, r18
 588:	51 1c       	adc	r5, r1
 58a:	f8 01       	movw	r30, r16
 58c:	a0 80       	ld	r10, Z
 58e:	b1 80       	ldd	r11, Z+1	; 0x01
 590:	36 fe       	sbrs	r3, 6
 592:	03 c0       	rjmp	.+6      	; 0x59a <vfprintf+0x174>
 594:	69 2d       	mov	r22, r9
 596:	70 e0       	ldi	r23, 0x00	; 0
 598:	02 c0       	rjmp	.+4      	; 0x59e <vfprintf+0x178>
 59a:	6f ef       	ldi	r22, 0xFF	; 255
 59c:	7f ef       	ldi	r23, 0xFF	; 255
 59e:	c5 01       	movw	r24, r10
 5a0:	0e 94 b5 06 	call	0xd6a	; 0xd6a <strnlen_P>
 5a4:	4c 01       	movw	r8, r24
 5a6:	f3 2d       	mov	r31, r3
 5a8:	f0 68       	ori	r31, 0x80	; 128
 5aa:	3f 2e       	mov	r3, r31
 5ac:	82 01       	movw	r16, r4
 5ae:	33 fc       	sbrc	r3, 3
 5b0:	1b c0       	rjmp	.+54     	; 0x5e8 <vfprintf+0x1c2>
 5b2:	82 2d       	mov	r24, r2
 5b4:	90 e0       	ldi	r25, 0x00	; 0
 5b6:	88 16       	cp	r8, r24
 5b8:	99 06       	cpc	r9, r25
 5ba:	b0 f4       	brcc	.+44     	; 0x5e8 <vfprintf+0x1c2>
 5bc:	b6 01       	movw	r22, r12
 5be:	80 e2       	ldi	r24, 0x20	; 32
 5c0:	90 e0       	ldi	r25, 0x00	; 0
 5c2:	0e 94 09 07 	call	0xe12	; 0xe12 <fputc>
 5c6:	2a 94       	dec	r2
 5c8:	f4 cf       	rjmp	.-24     	; 0x5b2 <vfprintf+0x18c>
 5ca:	f5 01       	movw	r30, r10
 5cc:	37 fc       	sbrc	r3, 7
 5ce:	85 91       	lpm	r24, Z+
 5d0:	37 fe       	sbrs	r3, 7
 5d2:	81 91       	ld	r24, Z+
 5d4:	5f 01       	movw	r10, r30
 5d6:	b6 01       	movw	r22, r12
 5d8:	90 e0       	ldi	r25, 0x00	; 0
 5da:	0e 94 09 07 	call	0xe12	; 0xe12 <fputc>
 5de:	21 10       	cpse	r2, r1
 5e0:	2a 94       	dec	r2
 5e2:	21 e0       	ldi	r18, 0x01	; 1
 5e4:	82 1a       	sub	r8, r18
 5e6:	91 08       	sbc	r9, r1
 5e8:	81 14       	cp	r8, r1
 5ea:	91 04       	cpc	r9, r1
 5ec:	71 f7       	brne	.-36     	; 0x5ca <vfprintf+0x1a4>
 5ee:	e8 c0       	rjmp	.+464    	; 0x7c0 <vfprintf+0x39a>
 5f0:	84 36       	cpi	r24, 0x64	; 100
 5f2:	11 f0       	breq	.+4      	; 0x5f8 <vfprintf+0x1d2>
 5f4:	89 36       	cpi	r24, 0x69	; 105
 5f6:	41 f5       	brne	.+80     	; 0x648 <vfprintf+0x222>
 5f8:	f8 01       	movw	r30, r16
 5fa:	37 fe       	sbrs	r3, 7
 5fc:	07 c0       	rjmp	.+14     	; 0x60c <vfprintf+0x1e6>
 5fe:	60 81       	ld	r22, Z
 600:	71 81       	ldd	r23, Z+1	; 0x01
 602:	82 81       	ldd	r24, Z+2	; 0x02
 604:	93 81       	ldd	r25, Z+3	; 0x03
 606:	0c 5f       	subi	r16, 0xFC	; 252
 608:	1f 4f       	sbci	r17, 0xFF	; 255
 60a:	08 c0       	rjmp	.+16     	; 0x61c <vfprintf+0x1f6>
 60c:	60 81       	ld	r22, Z
 60e:	71 81       	ldd	r23, Z+1	; 0x01
 610:	07 2e       	mov	r0, r23
 612:	00 0c       	add	r0, r0
 614:	88 0b       	sbc	r24, r24
 616:	99 0b       	sbc	r25, r25
 618:	0e 5f       	subi	r16, 0xFE	; 254
 61a:	1f 4f       	sbci	r17, 0xFF	; 255
 61c:	f3 2d       	mov	r31, r3
 61e:	ff 76       	andi	r31, 0x6F	; 111
 620:	3f 2e       	mov	r3, r31
 622:	97 ff       	sbrs	r25, 7
 624:	09 c0       	rjmp	.+18     	; 0x638 <vfprintf+0x212>
 626:	90 95       	com	r25
 628:	80 95       	com	r24
 62a:	70 95       	com	r23
 62c:	61 95       	neg	r22
 62e:	7f 4f       	sbci	r23, 0xFF	; 255
 630:	8f 4f       	sbci	r24, 0xFF	; 255
 632:	9f 4f       	sbci	r25, 0xFF	; 255
 634:	f0 68       	ori	r31, 0x80	; 128
 636:	3f 2e       	mov	r3, r31
 638:	2a e0       	ldi	r18, 0x0A	; 10
 63a:	30 e0       	ldi	r19, 0x00	; 0
 63c:	a3 01       	movw	r20, r6
 63e:	0e 94 5e 07 	call	0xebc	; 0xebc <__ultoa_invert>
 642:	88 2e       	mov	r8, r24
 644:	86 18       	sub	r8, r6
 646:	45 c0       	rjmp	.+138    	; 0x6d2 <vfprintf+0x2ac>
 648:	85 37       	cpi	r24, 0x75	; 117
 64a:	31 f4       	brne	.+12     	; 0x658 <vfprintf+0x232>
 64c:	23 2d       	mov	r18, r3
 64e:	2f 7e       	andi	r18, 0xEF	; 239
 650:	b2 2e       	mov	r11, r18
 652:	2a e0       	ldi	r18, 0x0A	; 10
 654:	30 e0       	ldi	r19, 0x00	; 0
 656:	25 c0       	rjmp	.+74     	; 0x6a2 <vfprintf+0x27c>
 658:	93 2d       	mov	r25, r3
 65a:	99 7f       	andi	r25, 0xF9	; 249
 65c:	b9 2e       	mov	r11, r25
 65e:	8f 36       	cpi	r24, 0x6F	; 111
 660:	c1 f0       	breq	.+48     	; 0x692 <vfprintf+0x26c>
 662:	18 f4       	brcc	.+6      	; 0x66a <vfprintf+0x244>
 664:	88 35       	cpi	r24, 0x58	; 88
 666:	79 f0       	breq	.+30     	; 0x686 <vfprintf+0x260>
 668:	b5 c0       	rjmp	.+362    	; 0x7d4 <vfprintf+0x3ae>
 66a:	80 37       	cpi	r24, 0x70	; 112
 66c:	19 f0       	breq	.+6      	; 0x674 <vfprintf+0x24e>
 66e:	88 37       	cpi	r24, 0x78	; 120
 670:	21 f0       	breq	.+8      	; 0x67a <vfprintf+0x254>
 672:	b0 c0       	rjmp	.+352    	; 0x7d4 <vfprintf+0x3ae>
 674:	e9 2f       	mov	r30, r25
 676:	e0 61       	ori	r30, 0x10	; 16
 678:	be 2e       	mov	r11, r30
 67a:	b4 fe       	sbrs	r11, 4
 67c:	0d c0       	rjmp	.+26     	; 0x698 <vfprintf+0x272>
 67e:	fb 2d       	mov	r31, r11
 680:	f4 60       	ori	r31, 0x04	; 4
 682:	bf 2e       	mov	r11, r31
 684:	09 c0       	rjmp	.+18     	; 0x698 <vfprintf+0x272>
 686:	34 fe       	sbrs	r3, 4
 688:	0a c0       	rjmp	.+20     	; 0x69e <vfprintf+0x278>
 68a:	29 2f       	mov	r18, r25
 68c:	26 60       	ori	r18, 0x06	; 6
 68e:	b2 2e       	mov	r11, r18
 690:	06 c0       	rjmp	.+12     	; 0x69e <vfprintf+0x278>
 692:	28 e0       	ldi	r18, 0x08	; 8
 694:	30 e0       	ldi	r19, 0x00	; 0
 696:	05 c0       	rjmp	.+10     	; 0x6a2 <vfprintf+0x27c>
 698:	20 e1       	ldi	r18, 0x10	; 16
 69a:	30 e0       	ldi	r19, 0x00	; 0
 69c:	02 c0       	rjmp	.+4      	; 0x6a2 <vfprintf+0x27c>
 69e:	20 e1       	ldi	r18, 0x10	; 16
 6a0:	32 e0       	ldi	r19, 0x02	; 2
 6a2:	f8 01       	movw	r30, r16
 6a4:	b7 fe       	sbrs	r11, 7
 6a6:	07 c0       	rjmp	.+14     	; 0x6b6 <vfprintf+0x290>
 6a8:	60 81       	ld	r22, Z
 6aa:	71 81       	ldd	r23, Z+1	; 0x01
 6ac:	82 81       	ldd	r24, Z+2	; 0x02
 6ae:	93 81       	ldd	r25, Z+3	; 0x03
 6b0:	0c 5f       	subi	r16, 0xFC	; 252
 6b2:	1f 4f       	sbci	r17, 0xFF	; 255
 6b4:	06 c0       	rjmp	.+12     	; 0x6c2 <vfprintf+0x29c>
 6b6:	60 81       	ld	r22, Z
 6b8:	71 81       	ldd	r23, Z+1	; 0x01
 6ba:	80 e0       	ldi	r24, 0x00	; 0
 6bc:	90 e0       	ldi	r25, 0x00	; 0
 6be:	0e 5f       	subi	r16, 0xFE	; 254
 6c0:	1f 4f       	sbci	r17, 0xFF	; 255
 6c2:	a3 01       	movw	r20, r6
 6c4:	0e 94 5e 07 	call	0xebc	; 0xebc <__ultoa_invert>
 6c8:	88 2e       	mov	r8, r24
 6ca:	86 18       	sub	r8, r6
 6cc:	fb 2d       	mov	r31, r11
 6ce:	ff 77       	andi	r31, 0x7F	; 127
 6d0:	3f 2e       	mov	r3, r31
 6d2:	36 fe       	sbrs	r3, 6
 6d4:	0d c0       	rjmp	.+26     	; 0x6f0 <vfprintf+0x2ca>
 6d6:	23 2d       	mov	r18, r3
 6d8:	2e 7f       	andi	r18, 0xFE	; 254
 6da:	a2 2e       	mov	r10, r18
 6dc:	89 14       	cp	r8, r9
 6de:	58 f4       	brcc	.+22     	; 0x6f6 <vfprintf+0x2d0>
 6e0:	34 fe       	sbrs	r3, 4
 6e2:	0b c0       	rjmp	.+22     	; 0x6fa <vfprintf+0x2d4>
 6e4:	32 fc       	sbrc	r3, 2
 6e6:	09 c0       	rjmp	.+18     	; 0x6fa <vfprintf+0x2d4>
 6e8:	83 2d       	mov	r24, r3
 6ea:	8e 7e       	andi	r24, 0xEE	; 238
 6ec:	a8 2e       	mov	r10, r24
 6ee:	05 c0       	rjmp	.+10     	; 0x6fa <vfprintf+0x2d4>
 6f0:	b8 2c       	mov	r11, r8
 6f2:	a3 2c       	mov	r10, r3
 6f4:	03 c0       	rjmp	.+6      	; 0x6fc <vfprintf+0x2d6>
 6f6:	b8 2c       	mov	r11, r8
 6f8:	01 c0       	rjmp	.+2      	; 0x6fc <vfprintf+0x2d6>
 6fa:	b9 2c       	mov	r11, r9
 6fc:	a4 fe       	sbrs	r10, 4
 6fe:	0f c0       	rjmp	.+30     	; 0x71e <vfprintf+0x2f8>
 700:	fe 01       	movw	r30, r28
 702:	e8 0d       	add	r30, r8
 704:	f1 1d       	adc	r31, r1
 706:	80 81       	ld	r24, Z
 708:	80 33       	cpi	r24, 0x30	; 48
 70a:	21 f4       	brne	.+8      	; 0x714 <vfprintf+0x2ee>
 70c:	9a 2d       	mov	r25, r10
 70e:	99 7e       	andi	r25, 0xE9	; 233
 710:	a9 2e       	mov	r10, r25
 712:	09 c0       	rjmp	.+18     	; 0x726 <vfprintf+0x300>
 714:	a2 fe       	sbrs	r10, 2
 716:	06 c0       	rjmp	.+12     	; 0x724 <vfprintf+0x2fe>
 718:	b3 94       	inc	r11
 71a:	b3 94       	inc	r11
 71c:	04 c0       	rjmp	.+8      	; 0x726 <vfprintf+0x300>
 71e:	8a 2d       	mov	r24, r10
 720:	86 78       	andi	r24, 0x86	; 134
 722:	09 f0       	breq	.+2      	; 0x726 <vfprintf+0x300>
 724:	b3 94       	inc	r11
 726:	a3 fc       	sbrc	r10, 3
 728:	11 c0       	rjmp	.+34     	; 0x74c <vfprintf+0x326>
 72a:	a0 fe       	sbrs	r10, 0
 72c:	06 c0       	rjmp	.+12     	; 0x73a <vfprintf+0x314>
 72e:	b2 14       	cp	r11, r2
 730:	88 f4       	brcc	.+34     	; 0x754 <vfprintf+0x32e>
 732:	28 0c       	add	r2, r8
 734:	92 2c       	mov	r9, r2
 736:	9b 18       	sub	r9, r11
 738:	0e c0       	rjmp	.+28     	; 0x756 <vfprintf+0x330>
 73a:	b2 14       	cp	r11, r2
 73c:	60 f4       	brcc	.+24     	; 0x756 <vfprintf+0x330>
 73e:	b6 01       	movw	r22, r12
 740:	80 e2       	ldi	r24, 0x20	; 32
 742:	90 e0       	ldi	r25, 0x00	; 0
 744:	0e 94 09 07 	call	0xe12	; 0xe12 <fputc>
 748:	b3 94       	inc	r11
 74a:	f7 cf       	rjmp	.-18     	; 0x73a <vfprintf+0x314>
 74c:	b2 14       	cp	r11, r2
 74e:	18 f4       	brcc	.+6      	; 0x756 <vfprintf+0x330>
 750:	2b 18       	sub	r2, r11
 752:	02 c0       	rjmp	.+4      	; 0x758 <vfprintf+0x332>
 754:	98 2c       	mov	r9, r8
 756:	21 2c       	mov	r2, r1
 758:	a4 fe       	sbrs	r10, 4
 75a:	10 c0       	rjmp	.+32     	; 0x77c <vfprintf+0x356>
 75c:	b6 01       	movw	r22, r12
 75e:	80 e3       	ldi	r24, 0x30	; 48
 760:	90 e0       	ldi	r25, 0x00	; 0
 762:	0e 94 09 07 	call	0xe12	; 0xe12 <fputc>
 766:	a2 fe       	sbrs	r10, 2
 768:	17 c0       	rjmp	.+46     	; 0x798 <vfprintf+0x372>
 76a:	a1 fc       	sbrc	r10, 1
 76c:	03 c0       	rjmp	.+6      	; 0x774 <vfprintf+0x34e>
 76e:	88 e7       	ldi	r24, 0x78	; 120
 770:	90 e0       	ldi	r25, 0x00	; 0
 772:	02 c0       	rjmp	.+4      	; 0x778 <vfprintf+0x352>
 774:	88 e5       	ldi	r24, 0x58	; 88
 776:	90 e0       	ldi	r25, 0x00	; 0
 778:	b6 01       	movw	r22, r12
 77a:	0c c0       	rjmp	.+24     	; 0x794 <vfprintf+0x36e>
 77c:	8a 2d       	mov	r24, r10
 77e:	86 78       	andi	r24, 0x86	; 134
 780:	59 f0       	breq	.+22     	; 0x798 <vfprintf+0x372>
 782:	a1 fe       	sbrs	r10, 1
 784:	02 c0       	rjmp	.+4      	; 0x78a <vfprintf+0x364>
 786:	8b e2       	ldi	r24, 0x2B	; 43
 788:	01 c0       	rjmp	.+2      	; 0x78c <vfprintf+0x366>
 78a:	80 e2       	ldi	r24, 0x20	; 32
 78c:	a7 fc       	sbrc	r10, 7
 78e:	8d e2       	ldi	r24, 0x2D	; 45
 790:	b6 01       	movw	r22, r12
 792:	90 e0       	ldi	r25, 0x00	; 0
 794:	0e 94 09 07 	call	0xe12	; 0xe12 <fputc>
 798:	89 14       	cp	r8, r9
 79a:	38 f4       	brcc	.+14     	; 0x7aa <vfprintf+0x384>
 79c:	b6 01       	movw	r22, r12
 79e:	80 e3       	ldi	r24, 0x30	; 48
 7a0:	90 e0       	ldi	r25, 0x00	; 0
 7a2:	0e 94 09 07 	call	0xe12	; 0xe12 <fputc>
 7a6:	9a 94       	dec	r9
 7a8:	f7 cf       	rjmp	.-18     	; 0x798 <vfprintf+0x372>
 7aa:	8a 94       	dec	r8
 7ac:	f3 01       	movw	r30, r6
 7ae:	e8 0d       	add	r30, r8
 7b0:	f1 1d       	adc	r31, r1
 7b2:	80 81       	ld	r24, Z
 7b4:	b6 01       	movw	r22, r12
 7b6:	90 e0       	ldi	r25, 0x00	; 0
 7b8:	0e 94 09 07 	call	0xe12	; 0xe12 <fputc>
 7bc:	81 10       	cpse	r8, r1
 7be:	f5 cf       	rjmp	.-22     	; 0x7aa <vfprintf+0x384>
 7c0:	22 20       	and	r2, r2
 7c2:	09 f4       	brne	.+2      	; 0x7c6 <vfprintf+0x3a0>
 7c4:	42 ce       	rjmp	.-892    	; 0x44a <vfprintf+0x24>
 7c6:	b6 01       	movw	r22, r12
 7c8:	80 e2       	ldi	r24, 0x20	; 32
 7ca:	90 e0       	ldi	r25, 0x00	; 0
 7cc:	0e 94 09 07 	call	0xe12	; 0xe12 <fputc>
 7d0:	2a 94       	dec	r2
 7d2:	f6 cf       	rjmp	.-20     	; 0x7c0 <vfprintf+0x39a>
 7d4:	f6 01       	movw	r30, r12
 7d6:	86 81       	ldd	r24, Z+6	; 0x06
 7d8:	97 81       	ldd	r25, Z+7	; 0x07
 7da:	02 c0       	rjmp	.+4      	; 0x7e0 <vfprintf+0x3ba>
 7dc:	8f ef       	ldi	r24, 0xFF	; 255
 7de:	9f ef       	ldi	r25, 0xFF	; 255
 7e0:	2b 96       	adiw	r28, 0x0b	; 11
 7e2:	e2 e1       	ldi	r30, 0x12	; 18
 7e4:	0c 94 db 07 	jmp	0xfb6	; 0xfb6 <__epilogue_restores__>

000007e8 <putval>:
 7e8:	20 fd       	sbrc	r18, 0
 7ea:	09 c0       	rjmp	.+18     	; 0x7fe <putval+0x16>
 7ec:	fc 01       	movw	r30, r24
 7ee:	23 fd       	sbrc	r18, 3
 7f0:	05 c0       	rjmp	.+10     	; 0x7fc <putval+0x14>
 7f2:	22 ff       	sbrs	r18, 2
 7f4:	02 c0       	rjmp	.+4      	; 0x7fa <putval+0x12>
 7f6:	73 83       	std	Z+3, r23	; 0x03
 7f8:	62 83       	std	Z+2, r22	; 0x02
 7fa:	51 83       	std	Z+1, r21	; 0x01
 7fc:	40 83       	st	Z, r20
 7fe:	08 95       	ret

00000800 <mulacc>:
 800:	44 fd       	sbrc	r20, 4
 802:	17 c0       	rjmp	.+46     	; 0x832 <mulacc+0x32>
 804:	46 fd       	sbrc	r20, 6
 806:	17 c0       	rjmp	.+46     	; 0x836 <mulacc+0x36>
 808:	ab 01       	movw	r20, r22
 80a:	bc 01       	movw	r22, r24
 80c:	da 01       	movw	r26, r20
 80e:	fb 01       	movw	r30, r22
 810:	aa 0f       	add	r26, r26
 812:	bb 1f       	adc	r27, r27
 814:	ee 1f       	adc	r30, r30
 816:	ff 1f       	adc	r31, r31
 818:	10 94       	com	r1
 81a:	d1 f7       	brne	.-12     	; 0x810 <mulacc+0x10>
 81c:	4a 0f       	add	r20, r26
 81e:	5b 1f       	adc	r21, r27
 820:	6e 1f       	adc	r22, r30
 822:	7f 1f       	adc	r23, r31
 824:	cb 01       	movw	r24, r22
 826:	ba 01       	movw	r22, r20
 828:	66 0f       	add	r22, r22
 82a:	77 1f       	adc	r23, r23
 82c:	88 1f       	adc	r24, r24
 82e:	99 1f       	adc	r25, r25
 830:	09 c0       	rjmp	.+18     	; 0x844 <mulacc+0x44>
 832:	33 e0       	ldi	r19, 0x03	; 3
 834:	01 c0       	rjmp	.+2      	; 0x838 <mulacc+0x38>
 836:	34 e0       	ldi	r19, 0x04	; 4
 838:	66 0f       	add	r22, r22
 83a:	77 1f       	adc	r23, r23
 83c:	88 1f       	adc	r24, r24
 83e:	99 1f       	adc	r25, r25
 840:	31 50       	subi	r19, 0x01	; 1
 842:	d1 f7       	brne	.-12     	; 0x838 <mulacc+0x38>
 844:	62 0f       	add	r22, r18
 846:	71 1d       	adc	r23, r1
 848:	81 1d       	adc	r24, r1
 84a:	91 1d       	adc	r25, r1
 84c:	08 95       	ret

0000084e <skip_spaces>:
 84e:	0f 93       	push	r16
 850:	1f 93       	push	r17
 852:	cf 93       	push	r28
 854:	df 93       	push	r29
 856:	8c 01       	movw	r16, r24
 858:	c8 01       	movw	r24, r16
 85a:	0e 94 cb 06 	call	0xd96	; 0xd96 <fgetc>
 85e:	ec 01       	movw	r28, r24
 860:	97 fd       	sbrc	r25, 7
 862:	08 c0       	rjmp	.+16     	; 0x874 <skip_spaces+0x26>
 864:	0e 94 a1 06 	call	0xd42	; 0xd42 <isspace>
 868:	89 2b       	or	r24, r25
 86a:	b1 f7       	brne	.-20     	; 0x858 <skip_spaces+0xa>
 86c:	b8 01       	movw	r22, r16
 86e:	ce 01       	movw	r24, r28
 870:	0e 94 45 07 	call	0xe8a	; 0xe8a <ungetc>
 874:	ce 01       	movw	r24, r28
 876:	df 91       	pop	r29
 878:	cf 91       	pop	r28
 87a:	1f 91       	pop	r17
 87c:	0f 91       	pop	r16
 87e:	08 95       	ret

00000880 <conv_int>:
 880:	8f 92       	push	r8
 882:	9f 92       	push	r9
 884:	af 92       	push	r10
 886:	bf 92       	push	r11
 888:	ef 92       	push	r14
 88a:	ff 92       	push	r15
 88c:	0f 93       	push	r16
 88e:	1f 93       	push	r17
 890:	cf 93       	push	r28
 892:	df 93       	push	r29
 894:	8c 01       	movw	r16, r24
 896:	d6 2f       	mov	r29, r22
 898:	7a 01       	movw	r14, r20
 89a:	b2 2e       	mov	r11, r18
 89c:	0e 94 cb 06 	call	0xd96	; 0xd96 <fgetc>
 8a0:	9c 01       	movw	r18, r24
 8a2:	33 27       	eor	r19, r19
 8a4:	2b 32       	cpi	r18, 0x2B	; 43
 8a6:	31 05       	cpc	r19, r1
 8a8:	31 f0       	breq	.+12     	; 0x8b6 <conv_int+0x36>
 8aa:	2d 32       	cpi	r18, 0x2D	; 45
 8ac:	31 05       	cpc	r19, r1
 8ae:	61 f4       	brne	.+24     	; 0x8c8 <conv_int+0x48>
 8b0:	8b 2d       	mov	r24, r11
 8b2:	80 68       	ori	r24, 0x80	; 128
 8b4:	b8 2e       	mov	r11, r24
 8b6:	d1 50       	subi	r29, 0x01	; 1
 8b8:	11 f4       	brne	.+4      	; 0x8be <conv_int+0x3e>
 8ba:	80 e0       	ldi	r24, 0x00	; 0
 8bc:	68 c0       	rjmp	.+208    	; 0x98e <__stack+0x8f>
 8be:	c8 01       	movw	r24, r16
 8c0:	0e 94 cb 06 	call	0xd96	; 0xd96 <fgetc>
 8c4:	97 fd       	sbrc	r25, 7
 8c6:	f9 cf       	rjmp	.-14     	; 0x8ba <conv_int+0x3a>
 8c8:	cb 2d       	mov	r28, r11
 8ca:	cd 7f       	andi	r28, 0xFD	; 253
 8cc:	2b 2d       	mov	r18, r11
 8ce:	20 73       	andi	r18, 0x30	; 48
 8d0:	09 f5       	brne	.+66     	; 0x914 <__stack+0x15>
 8d2:	80 33       	cpi	r24, 0x30	; 48
 8d4:	f9 f4       	brne	.+62     	; 0x914 <__stack+0x15>
 8d6:	aa 24       	eor	r10, r10
 8d8:	aa 94       	dec	r10
 8da:	ad 0e       	add	r10, r29
 8dc:	09 f4       	brne	.+2      	; 0x8e0 <conv_int+0x60>
 8de:	43 c0       	rjmp	.+134    	; 0x966 <__stack+0x67>
 8e0:	c8 01       	movw	r24, r16
 8e2:	0e 94 cb 06 	call	0xd96	; 0xd96 <fgetc>
 8e6:	97 fd       	sbrc	r25, 7
 8e8:	3e c0       	rjmp	.+124    	; 0x966 <__stack+0x67>
 8ea:	9c 01       	movw	r18, r24
 8ec:	2f 7d       	andi	r18, 0xDF	; 223
 8ee:	33 27       	eor	r19, r19
 8f0:	28 35       	cpi	r18, 0x58	; 88
 8f2:	31 05       	cpc	r19, r1
 8f4:	49 f4       	brne	.+18     	; 0x908 <__stack+0x9>
 8f6:	c2 64       	ori	r28, 0x42	; 66
 8f8:	d2 50       	subi	r29, 0x02	; 2
 8fa:	a9 f1       	breq	.+106    	; 0x966 <__stack+0x67>
 8fc:	c8 01       	movw	r24, r16
 8fe:	0e 94 cb 06 	call	0xd96	; 0xd96 <fgetc>
 902:	97 ff       	sbrs	r25, 7
 904:	07 c0       	rjmp	.+14     	; 0x914 <__stack+0x15>
 906:	2f c0       	rjmp	.+94     	; 0x966 <__stack+0x67>
 908:	b6 fe       	sbrs	r11, 6
 90a:	02 c0       	rjmp	.+4      	; 0x910 <__stack+0x11>
 90c:	c2 60       	ori	r28, 0x02	; 2
 90e:	01 c0       	rjmp	.+2      	; 0x912 <__stack+0x13>
 910:	c2 61       	ori	r28, 0x12	; 18
 912:	da 2d       	mov	r29, r10
 914:	81 2c       	mov	r8, r1
 916:	91 2c       	mov	r9, r1
 918:	54 01       	movw	r10, r8
 91a:	20 ed       	ldi	r18, 0xD0	; 208
 91c:	28 0f       	add	r18, r24
 91e:	28 30       	cpi	r18, 0x08	; 8
 920:	80 f0       	brcs	.+32     	; 0x942 <__stack+0x43>
 922:	c4 ff       	sbrs	r28, 4
 924:	04 c0       	rjmp	.+8      	; 0x92e <__stack+0x2f>
 926:	b8 01       	movw	r22, r16
 928:	0e 94 45 07 	call	0xe8a	; 0xe8a <ungetc>
 92c:	19 c0       	rjmp	.+50     	; 0x960 <__stack+0x61>
 92e:	2a 30       	cpi	r18, 0x0A	; 10
 930:	40 f0       	brcs	.+16     	; 0x942 <__stack+0x43>
 932:	c6 ff       	sbrs	r28, 6
 934:	f8 cf       	rjmp	.-16     	; 0x926 <__stack+0x27>
 936:	2f 7d       	andi	r18, 0xDF	; 223
 938:	3f ee       	ldi	r19, 0xEF	; 239
 93a:	32 0f       	add	r19, r18
 93c:	36 30       	cpi	r19, 0x06	; 6
 93e:	98 f7       	brcc	.-26     	; 0x926 <__stack+0x27>
 940:	27 50       	subi	r18, 0x07	; 7
 942:	4c 2f       	mov	r20, r28
 944:	c5 01       	movw	r24, r10
 946:	b4 01       	movw	r22, r8
 948:	0e 94 00 04 	call	0x800	; 0x800 <mulacc>
 94c:	4b 01       	movw	r8, r22
 94e:	5c 01       	movw	r10, r24
 950:	c2 60       	ori	r28, 0x02	; 2
 952:	d1 50       	subi	r29, 0x01	; 1
 954:	59 f0       	breq	.+22     	; 0x96c <__stack+0x6d>
 956:	c8 01       	movw	r24, r16
 958:	0e 94 cb 06 	call	0xd96	; 0xd96 <fgetc>
 95c:	97 ff       	sbrs	r25, 7
 95e:	dd cf       	rjmp	.-70     	; 0x91a <__stack+0x1b>
 960:	c1 fd       	sbrc	r28, 1
 962:	04 c0       	rjmp	.+8      	; 0x96c <__stack+0x6d>
 964:	aa cf       	rjmp	.-172    	; 0x8ba <conv_int+0x3a>
 966:	81 2c       	mov	r8, r1
 968:	91 2c       	mov	r9, r1
 96a:	54 01       	movw	r10, r8
 96c:	c7 ff       	sbrs	r28, 7
 96e:	08 c0       	rjmp	.+16     	; 0x980 <__stack+0x81>
 970:	b0 94       	com	r11
 972:	a0 94       	com	r10
 974:	90 94       	com	r9
 976:	80 94       	com	r8
 978:	81 1c       	adc	r8, r1
 97a:	91 1c       	adc	r9, r1
 97c:	a1 1c       	adc	r10, r1
 97e:	b1 1c       	adc	r11, r1
 980:	2c 2f       	mov	r18, r28
 982:	b5 01       	movw	r22, r10
 984:	a4 01       	movw	r20, r8
 986:	c7 01       	movw	r24, r14
 988:	0e 94 f4 03 	call	0x7e8	; 0x7e8 <putval>
 98c:	81 e0       	ldi	r24, 0x01	; 1
 98e:	df 91       	pop	r29
 990:	cf 91       	pop	r28
 992:	1f 91       	pop	r17
 994:	0f 91       	pop	r16
 996:	ff 90       	pop	r15
 998:	ef 90       	pop	r14
 99a:	bf 90       	pop	r11
 99c:	af 90       	pop	r10
 99e:	9f 90       	pop	r9
 9a0:	8f 90       	pop	r8
 9a2:	08 95       	ret

000009a4 <conv_brk>:
 9a4:	a0 e2       	ldi	r26, 0x20	; 32
 9a6:	b0 e0       	ldi	r27, 0x00	; 0
 9a8:	e8 ed       	ldi	r30, 0xD8	; 216
 9aa:	f4 e0       	ldi	r31, 0x04	; 4
 9ac:	0c 94 c2 07 	jmp	0xf84	; 0xf84 <__prologue_saves__+0x6>
 9b0:	5c 01       	movw	r10, r24
 9b2:	96 2e       	mov	r9, r22
 9b4:	7a 01       	movw	r14, r20
 9b6:	f9 01       	movw	r30, r18
 9b8:	8e 01       	movw	r16, r28
 9ba:	0f 5f       	subi	r16, 0xFF	; 255
 9bc:	1f 4f       	sbci	r17, 0xFF	; 255
 9be:	68 01       	movw	r12, r16
 9c0:	80 e2       	ldi	r24, 0x20	; 32
 9c2:	d8 01       	movw	r26, r16
 9c4:	1d 92       	st	X+, r1
 9c6:	8a 95       	dec	r24
 9c8:	e9 f7       	brne	.-6      	; 0x9c4 <conv_brk+0x20>
 9ca:	d5 01       	movw	r26, r10
 9cc:	13 96       	adiw	r26, 0x03	; 3
 9ce:	8c 90       	ld	r8, X
 9d0:	80 e0       	ldi	r24, 0x00	; 0
 9d2:	90 e0       	ldi	r25, 0x00	; 0
 9d4:	61 2c       	mov	r6, r1
 9d6:	71 2c       	mov	r7, r1
 9d8:	30 e0       	ldi	r19, 0x00	; 0
 9da:	61 e0       	ldi	r22, 0x01	; 1
 9dc:	70 e0       	ldi	r23, 0x00	; 0
 9de:	83 fc       	sbrc	r8, 3
 9e0:	25 91       	lpm	r18, Z+
 9e2:	83 fe       	sbrs	r8, 3
 9e4:	21 91       	ld	r18, Z+
 9e6:	8f 01       	movw	r16, r30
 9e8:	52 2e       	mov	r5, r18
 9ea:	21 11       	cpse	r18, r1
 9ec:	03 c0       	rjmp	.+6      	; 0x9f4 <conv_brk+0x50>
 9ee:	80 e0       	ldi	r24, 0x00	; 0
 9f0:	90 e0       	ldi	r25, 0x00	; 0
 9f2:	92 c0       	rjmp	.+292    	; 0xb18 <conv_brk+0x174>
 9f4:	2e 35       	cpi	r18, 0x5E	; 94
 9f6:	11 f4       	brne	.+4      	; 0x9fc <conv_brk+0x58>
 9f8:	00 97       	sbiw	r24, 0x00	; 0
 9fa:	51 f1       	breq	.+84     	; 0xa50 <conv_brk+0xac>
 9fc:	43 2f       	mov	r20, r19
 9fe:	50 e0       	ldi	r21, 0x00	; 0
 a00:	48 17       	cp	r20, r24
 a02:	59 07       	cpc	r21, r25
 a04:	3c f4       	brge	.+14     	; 0xa14 <conv_brk+0x70>
 a06:	2d 35       	cpi	r18, 0x5D	; 93
 a08:	59 f1       	breq	.+86     	; 0xa60 <conv_brk+0xbc>
 a0a:	2d 32       	cpi	r18, 0x2D	; 45
 a0c:	19 f4       	brne	.+6      	; 0xa14 <conv_brk+0x70>
 a0e:	77 20       	and	r7, r7
 a10:	09 f1       	breq	.+66     	; 0xa54 <conv_brk+0xb0>
 a12:	03 c0       	rjmp	.+6      	; 0xa1a <conv_brk+0x76>
 a14:	77 20       	and	r7, r7
 a16:	09 f4       	brne	.+2      	; 0xa1a <conv_brk+0x76>
 a18:	6a c0       	rjmp	.+212    	; 0xaee <conv_brk+0x14a>
 a1a:	45 2d       	mov	r20, r5
 a1c:	46 95       	lsr	r20
 a1e:	46 95       	lsr	r20
 a20:	46 95       	lsr	r20
 a22:	d6 01       	movw	r26, r12
 a24:	a4 0f       	add	r26, r20
 a26:	b1 1d       	adc	r27, r1
 a28:	45 2d       	mov	r20, r5
 a2a:	47 70       	andi	r20, 0x07	; 7
 a2c:	8b 01       	movw	r16, r22
 a2e:	02 c0       	rjmp	.+4      	; 0xa34 <conv_brk+0x90>
 a30:	00 0f       	add	r16, r16
 a32:	11 1f       	adc	r17, r17
 a34:	4a 95       	dec	r20
 a36:	e2 f7       	brpl	.-8      	; 0xa30 <conv_brk+0x8c>
 a38:	a8 01       	movw	r20, r16
 a3a:	5c 91       	ld	r21, X
 a3c:	45 2b       	or	r20, r21
 a3e:	4c 93       	st	X, r20
 a40:	65 14       	cp	r6, r5
 a42:	59 f0       	breq	.+22     	; 0xa5a <conv_brk+0xb6>
 a44:	56 14       	cp	r5, r6
 a46:	10 f4       	brcc	.+4      	; 0xa4c <conv_brk+0xa8>
 a48:	53 94       	inc	r5
 a4a:	e7 cf       	rjmp	.-50     	; 0xa1a <conv_brk+0x76>
 a4c:	5a 94       	dec	r5
 a4e:	e5 cf       	rjmp	.-54     	; 0xa1a <conv_brk+0x76>
 a50:	31 e0       	ldi	r19, 0x01	; 1
 a52:	04 c0       	rjmp	.+8      	; 0xa5c <conv_brk+0xb8>
 a54:	77 24       	eor	r7, r7
 a56:	73 94       	inc	r7
 a58:	01 c0       	rjmp	.+2      	; 0xa5c <conv_brk+0xb8>
 a5a:	71 2c       	mov	r7, r1
 a5c:	01 96       	adiw	r24, 0x01	; 1
 a5e:	bf cf       	rjmp	.-130    	; 0x9de <conv_brk+0x3a>
 a60:	77 20       	and	r7, r7
 a62:	19 f0       	breq	.+6      	; 0xa6a <conv_brk+0xc6>
 a64:	8e 81       	ldd	r24, Y+6	; 0x06
 a66:	80 62       	ori	r24, 0x20	; 32
 a68:	8e 83       	std	Y+6, r24	; 0x06
 a6a:	31 11       	cpse	r19, r1
 a6c:	03 c0       	rjmp	.+6      	; 0xa74 <conv_brk+0xd0>
 a6e:	88 24       	eor	r8, r8
 a70:	83 94       	inc	r8
 a72:	17 c0       	rjmp	.+46     	; 0xaa2 <conv_brk+0xfe>
 a74:	f6 01       	movw	r30, r12
 a76:	9e 01       	movw	r18, r28
 a78:	2f 5d       	subi	r18, 0xDF	; 223
 a7a:	3f 4f       	sbci	r19, 0xFF	; 255
 a7c:	80 81       	ld	r24, Z
 a7e:	80 95       	com	r24
 a80:	81 93       	st	Z+, r24
 a82:	2e 17       	cp	r18, r30
 a84:	3f 07       	cpc	r19, r31
 a86:	d1 f7       	brne	.-12     	; 0xa7c <conv_brk+0xd8>
 a88:	f2 cf       	rjmp	.-28     	; 0xa6e <conv_brk+0xca>
 a8a:	e1 14       	cp	r14, r1
 a8c:	f1 04       	cpc	r15, r1
 a8e:	29 f0       	breq	.+10     	; 0xa9a <conv_brk+0xf6>
 a90:	d7 01       	movw	r26, r14
 a92:	8c 93       	st	X, r24
 a94:	f7 01       	movw	r30, r14
 a96:	31 96       	adiw	r30, 0x01	; 1
 a98:	7f 01       	movw	r14, r30
 a9a:	9a 94       	dec	r9
 a9c:	81 2c       	mov	r8, r1
 a9e:	99 20       	and	r9, r9
 aa0:	f9 f0       	breq	.+62     	; 0xae0 <conv_brk+0x13c>
 aa2:	c5 01       	movw	r24, r10
 aa4:	0e 94 cb 06 	call	0xd96	; 0xd96 <fgetc>
 aa8:	97 fd       	sbrc	r25, 7
 aaa:	18 c0       	rjmp	.+48     	; 0xadc <conv_brk+0x138>
 aac:	fc 01       	movw	r30, r24
 aae:	ff 27       	eor	r31, r31
 ab0:	23 e0       	ldi	r18, 0x03	; 3
 ab2:	f5 95       	asr	r31
 ab4:	e7 95       	ror	r30
 ab6:	2a 95       	dec	r18
 ab8:	e1 f7       	brne	.-8      	; 0xab2 <conv_brk+0x10e>
 aba:	ec 0d       	add	r30, r12
 abc:	fd 1d       	adc	r31, r13
 abe:	20 81       	ld	r18, Z
 ac0:	30 e0       	ldi	r19, 0x00	; 0
 ac2:	ac 01       	movw	r20, r24
 ac4:	47 70       	andi	r20, 0x07	; 7
 ac6:	55 27       	eor	r21, r21
 ac8:	02 c0       	rjmp	.+4      	; 0xace <conv_brk+0x12a>
 aca:	35 95       	asr	r19
 acc:	27 95       	ror	r18
 ace:	4a 95       	dec	r20
 ad0:	e2 f7       	brpl	.-8      	; 0xaca <conv_brk+0x126>
 ad2:	20 fd       	sbrc	r18, 0
 ad4:	da cf       	rjmp	.-76     	; 0xa8a <conv_brk+0xe6>
 ad6:	b5 01       	movw	r22, r10
 ad8:	0e 94 45 07 	call	0xe8a	; 0xe8a <ungetc>
 adc:	81 10       	cpse	r8, r1
 ade:	87 cf       	rjmp	.-242    	; 0x9ee <conv_brk+0x4a>
 ae0:	e1 14       	cp	r14, r1
 ae2:	f1 04       	cpc	r15, r1
 ae4:	11 f0       	breq	.+4      	; 0xaea <conv_brk+0x146>
 ae6:	d7 01       	movw	r26, r14
 ae8:	1c 92       	st	X, r1
 aea:	c8 01       	movw	r24, r16
 aec:	15 c0       	rjmp	.+42     	; 0xb18 <conv_brk+0x174>
 aee:	42 2f       	mov	r20, r18
 af0:	46 95       	lsr	r20
 af2:	46 95       	lsr	r20
 af4:	46 95       	lsr	r20
 af6:	d6 01       	movw	r26, r12
 af8:	a4 0f       	add	r26, r20
 afa:	b1 1d       	adc	r27, r1
 afc:	42 2f       	mov	r20, r18
 afe:	47 70       	andi	r20, 0x07	; 7
 b00:	8b 01       	movw	r16, r22
 b02:	02 c0       	rjmp	.+4      	; 0xb08 <conv_brk+0x164>
 b04:	00 0f       	add	r16, r16
 b06:	11 1f       	adc	r17, r17
 b08:	4a 95       	dec	r20
 b0a:	e2 f7       	brpl	.-8      	; 0xb04 <conv_brk+0x160>
 b0c:	a8 01       	movw	r20, r16
 b0e:	5c 91       	ld	r21, X
 b10:	45 2b       	or	r20, r21
 b12:	4c 93       	st	X, r20
 b14:	62 2e       	mov	r6, r18
 b16:	a2 cf       	rjmp	.-188    	; 0xa5c <conv_brk+0xb8>
 b18:	a0 96       	adiw	r28, 0x20	; 32
 b1a:	ef e0       	ldi	r30, 0x0F	; 15
 b1c:	0c 94 de 07 	jmp	0xfbc	; 0xfbc <__epilogue_restores__+0x6>

00000b20 <vfscanf>:
 b20:	a0 e0       	ldi	r26, 0x00	; 0
 b22:	b0 e0       	ldi	r27, 0x00	; 0
 b24:	e6 e9       	ldi	r30, 0x96	; 150
 b26:	f5 e0       	ldi	r31, 0x05	; 5
 b28:	0c 94 c2 07 	jmp	0xf84	; 0xf84 <__prologue_saves__+0x6>
 b2c:	6c 01       	movw	r12, r24
 b2e:	eb 01       	movw	r28, r22
 b30:	5a 01       	movw	r10, r20
 b32:	fc 01       	movw	r30, r24
 b34:	17 82       	std	Z+7, r1	; 0x07
 b36:	16 82       	std	Z+6, r1	; 0x06
 b38:	51 2c       	mov	r5, r1
 b3a:	f6 01       	movw	r30, r12
 b3c:	e3 80       	ldd	r14, Z+3	; 0x03
 b3e:	fe 01       	movw	r30, r28
 b40:	e3 fc       	sbrc	r14, 3
 b42:	85 91       	lpm	r24, Z+
 b44:	e3 fe       	sbrs	r14, 3
 b46:	81 91       	ld	r24, Z+
 b48:	18 2f       	mov	r17, r24
 b4a:	ef 01       	movw	r28, r30
 b4c:	88 23       	and	r24, r24
 b4e:	09 f4       	brne	.+2      	; 0xb52 <vfscanf+0x32>
 b50:	ee c0       	rjmp	.+476    	; 0xd2e <vfscanf+0x20e>
 b52:	90 e0       	ldi	r25, 0x00	; 0
 b54:	0e 94 a1 06 	call	0xd42	; 0xd42 <isspace>
 b58:	89 2b       	or	r24, r25
 b5a:	21 f0       	breq	.+8      	; 0xb64 <vfscanf+0x44>
 b5c:	c6 01       	movw	r24, r12
 b5e:	0e 94 27 04 	call	0x84e	; 0x84e <skip_spaces>
 b62:	eb cf       	rjmp	.-42     	; 0xb3a <vfscanf+0x1a>
 b64:	15 32       	cpi	r17, 0x25	; 37
 b66:	41 f4       	brne	.+16     	; 0xb78 <vfscanf+0x58>
 b68:	fe 01       	movw	r30, r28
 b6a:	e3 fc       	sbrc	r14, 3
 b6c:	15 91       	lpm	r17, Z+
 b6e:	e3 fe       	sbrs	r14, 3
 b70:	11 91       	ld	r17, Z+
 b72:	ef 01       	movw	r28, r30
 b74:	15 32       	cpi	r17, 0x25	; 37
 b76:	81 f4       	brne	.+32     	; 0xb98 <vfscanf+0x78>
 b78:	c6 01       	movw	r24, r12
 b7a:	0e 94 cb 06 	call	0xd96	; 0xd96 <fgetc>
 b7e:	97 fd       	sbrc	r25, 7
 b80:	d4 c0       	rjmp	.+424    	; 0xd2a <vfscanf+0x20a>
 b82:	41 2f       	mov	r20, r17
 b84:	50 e0       	ldi	r21, 0x00	; 0
 b86:	9c 01       	movw	r18, r24
 b88:	33 27       	eor	r19, r19
 b8a:	24 17       	cp	r18, r20
 b8c:	35 07       	cpc	r19, r21
 b8e:	a9 f2       	breq	.-86     	; 0xb3a <vfscanf+0x1a>
 b90:	b6 01       	movw	r22, r12
 b92:	0e 94 45 07 	call	0xe8a	; 0xe8a <ungetc>
 b96:	cb c0       	rjmp	.+406    	; 0xd2e <vfscanf+0x20e>
 b98:	1a 32       	cpi	r17, 0x2A	; 42
 b9a:	39 f4       	brne	.+14     	; 0xbaa <vfscanf+0x8a>
 b9c:	e3 fc       	sbrc	r14, 3
 b9e:	15 91       	lpm	r17, Z+
 ba0:	e3 fe       	sbrs	r14, 3
 ba2:	11 91       	ld	r17, Z+
 ba4:	ef 01       	movw	r28, r30
 ba6:	01 e0       	ldi	r16, 0x01	; 1
 ba8:	01 c0       	rjmp	.+2      	; 0xbac <vfscanf+0x8c>
 baa:	00 e0       	ldi	r16, 0x00	; 0
 bac:	f1 2c       	mov	r15, r1
 bae:	20 ed       	ldi	r18, 0xD0	; 208
 bb0:	21 0f       	add	r18, r17
 bb2:	2a 30       	cpi	r18, 0x0A	; 10
 bb4:	80 f4       	brcc	.+32     	; 0xbd6 <vfscanf+0xb6>
 bb6:	02 60       	ori	r16, 0x02	; 2
 bb8:	6f 2d       	mov	r22, r15
 bba:	70 e0       	ldi	r23, 0x00	; 0
 bbc:	80 e0       	ldi	r24, 0x00	; 0
 bbe:	90 e0       	ldi	r25, 0x00	; 0
 bc0:	40 e2       	ldi	r20, 0x20	; 32
 bc2:	0e 94 00 04 	call	0x800	; 0x800 <mulacc>
 bc6:	f6 2e       	mov	r15, r22
 bc8:	fe 01       	movw	r30, r28
 bca:	e3 fc       	sbrc	r14, 3
 bcc:	15 91       	lpm	r17, Z+
 bce:	e3 fe       	sbrs	r14, 3
 bd0:	11 91       	ld	r17, Z+
 bd2:	ef 01       	movw	r28, r30
 bd4:	ec cf       	rjmp	.-40     	; 0xbae <vfscanf+0x8e>
 bd6:	01 ff       	sbrs	r16, 1
 bd8:	03 c0       	rjmp	.+6      	; 0xbe0 <vfscanf+0xc0>
 bda:	f1 10       	cpse	r15, r1
 bdc:	03 c0       	rjmp	.+6      	; 0xbe4 <vfscanf+0xc4>
 bde:	a7 c0       	rjmp	.+334    	; 0xd2e <vfscanf+0x20e>
 be0:	ff 24       	eor	r15, r15
 be2:	fa 94       	dec	r15
 be4:	18 36       	cpi	r17, 0x68	; 104
 be6:	19 f0       	breq	.+6      	; 0xbee <vfscanf+0xce>
 be8:	1c 36       	cpi	r17, 0x6C	; 108
 bea:	51 f0       	breq	.+20     	; 0xc00 <vfscanf+0xe0>
 bec:	10 c0       	rjmp	.+32     	; 0xc0e <vfscanf+0xee>
 bee:	fe 01       	movw	r30, r28
 bf0:	e3 fc       	sbrc	r14, 3
 bf2:	15 91       	lpm	r17, Z+
 bf4:	e3 fe       	sbrs	r14, 3
 bf6:	11 91       	ld	r17, Z+
 bf8:	ef 01       	movw	r28, r30
 bfa:	18 36       	cpi	r17, 0x68	; 104
 bfc:	41 f4       	brne	.+16     	; 0xc0e <vfscanf+0xee>
 bfe:	08 60       	ori	r16, 0x08	; 8
 c00:	04 60       	ori	r16, 0x04	; 4
 c02:	fe 01       	movw	r30, r28
 c04:	e3 fc       	sbrc	r14, 3
 c06:	15 91       	lpm	r17, Z+
 c08:	e3 fe       	sbrs	r14, 3
 c0a:	11 91       	ld	r17, Z+
 c0c:	ef 01       	movw	r28, r30
 c0e:	11 23       	and	r17, r17
 c10:	09 f4       	brne	.+2      	; 0xc14 <vfscanf+0xf4>
 c12:	8d c0       	rjmp	.+282    	; 0xd2e <vfscanf+0x20e>
 c14:	61 2f       	mov	r22, r17
 c16:	70 e0       	ldi	r23, 0x00	; 0
 c18:	88 e6       	ldi	r24, 0x68	; 104
 c1a:	90 e0       	ldi	r25, 0x00	; 0
 c1c:	0e 94 aa 06 	call	0xd54	; 0xd54 <strchr_P>
 c20:	89 2b       	or	r24, r25
 c22:	09 f4       	brne	.+2      	; 0xc26 <vfscanf+0x106>
 c24:	84 c0       	rjmp	.+264    	; 0xd2e <vfscanf+0x20e>
 c26:	00 fd       	sbrc	r16, 0
 c28:	07 c0       	rjmp	.+14     	; 0xc38 <vfscanf+0x118>
 c2a:	f5 01       	movw	r30, r10
 c2c:	80 80       	ld	r8, Z
 c2e:	91 80       	ldd	r9, Z+1	; 0x01
 c30:	c5 01       	movw	r24, r10
 c32:	02 96       	adiw	r24, 0x02	; 2
 c34:	5c 01       	movw	r10, r24
 c36:	02 c0       	rjmp	.+4      	; 0xc3c <vfscanf+0x11c>
 c38:	81 2c       	mov	r8, r1
 c3a:	91 2c       	mov	r9, r1
 c3c:	1e 36       	cpi	r17, 0x6E	; 110
 c3e:	51 f4       	brne	.+20     	; 0xc54 <vfscanf+0x134>
 c40:	f6 01       	movw	r30, r12
 c42:	46 81       	ldd	r20, Z+6	; 0x06
 c44:	57 81       	ldd	r21, Z+7	; 0x07
 c46:	60 e0       	ldi	r22, 0x00	; 0
 c48:	70 e0       	ldi	r23, 0x00	; 0
 c4a:	20 2f       	mov	r18, r16
 c4c:	c4 01       	movw	r24, r8
 c4e:	0e 94 f4 03 	call	0x7e8	; 0x7e8 <putval>
 c52:	73 cf       	rjmp	.-282    	; 0xb3a <vfscanf+0x1a>
 c54:	13 36       	cpi	r17, 0x63	; 99
 c56:	a9 f4       	brne	.+42     	; 0xc82 <vfscanf+0x162>
 c58:	01 fd       	sbrc	r16, 1
 c5a:	02 c0       	rjmp	.+4      	; 0xc60 <vfscanf+0x140>
 c5c:	ff 24       	eor	r15, r15
 c5e:	f3 94       	inc	r15
 c60:	c6 01       	movw	r24, r12
 c62:	0e 94 cb 06 	call	0xd96	; 0xd96 <fgetc>
 c66:	97 fd       	sbrc	r25, 7
 c68:	60 c0       	rjmp	.+192    	; 0xd2a <vfscanf+0x20a>
 c6a:	81 14       	cp	r8, r1
 c6c:	91 04       	cpc	r9, r1
 c6e:	29 f0       	breq	.+10     	; 0xc7a <vfscanf+0x15a>
 c70:	f4 01       	movw	r30, r8
 c72:	80 83       	st	Z, r24
 c74:	c4 01       	movw	r24, r8
 c76:	01 96       	adiw	r24, 0x01	; 1
 c78:	4c 01       	movw	r8, r24
 c7a:	fa 94       	dec	r15
 c7c:	f1 10       	cpse	r15, r1
 c7e:	f0 cf       	rjmp	.-32     	; 0xc60 <vfscanf+0x140>
 c80:	50 c0       	rjmp	.+160    	; 0xd22 <vfscanf+0x202>
 c82:	1b 35       	cpi	r17, 0x5B	; 91
 c84:	59 f4       	brne	.+22     	; 0xc9c <vfscanf+0x17c>
 c86:	9e 01       	movw	r18, r28
 c88:	a4 01       	movw	r20, r8
 c8a:	6f 2d       	mov	r22, r15
 c8c:	c6 01       	movw	r24, r12
 c8e:	0e 94 d2 04 	call	0x9a4	; 0x9a4 <conv_brk>
 c92:	ec 01       	movw	r28, r24
 c94:	89 2b       	or	r24, r25
 c96:	09 f0       	breq	.+2      	; 0xc9a <vfscanf+0x17a>
 c98:	44 c0       	rjmp	.+136    	; 0xd22 <vfscanf+0x202>
 c9a:	3e c0       	rjmp	.+124    	; 0xd18 <vfscanf+0x1f8>
 c9c:	c6 01       	movw	r24, r12
 c9e:	0e 94 27 04 	call	0x84e	; 0x84e <skip_spaces>
 ca2:	97 fd       	sbrc	r25, 7
 ca4:	42 c0       	rjmp	.+132    	; 0xd2a <vfscanf+0x20a>
 ca6:	1f 36       	cpi	r17, 0x6F	; 111
 ca8:	61 f1       	breq	.+88     	; 0xd02 <vfscanf+0x1e2>
 caa:	28 f4       	brcc	.+10     	; 0xcb6 <vfscanf+0x196>
 cac:	14 36       	cpi	r17, 0x64	; 100
 cae:	39 f1       	breq	.+78     	; 0xcfe <vfscanf+0x1de>
 cb0:	19 36       	cpi	r17, 0x69	; 105
 cb2:	51 f1       	breq	.+84     	; 0xd08 <vfscanf+0x1e8>
 cb4:	28 c0       	rjmp	.+80     	; 0xd06 <vfscanf+0x1e6>
 cb6:	13 37       	cpi	r17, 0x73	; 115
 cb8:	71 f0       	breq	.+28     	; 0xcd6 <vfscanf+0x1b6>
 cba:	15 37       	cpi	r17, 0x75	; 117
 cbc:	01 f1       	breq	.+64     	; 0xcfe <vfscanf+0x1de>
 cbe:	23 c0       	rjmp	.+70     	; 0xd06 <vfscanf+0x1e6>
 cc0:	81 14       	cp	r8, r1
 cc2:	91 04       	cpc	r9, r1
 cc4:	29 f0       	breq	.+10     	; 0xcd0 <vfscanf+0x1b0>
 cc6:	f4 01       	movw	r30, r8
 cc8:	60 82       	st	Z, r6
 cca:	c4 01       	movw	r24, r8
 ccc:	01 96       	adiw	r24, 0x01	; 1
 cce:	4c 01       	movw	r8, r24
 cd0:	fa 94       	dec	r15
 cd2:	ff 20       	and	r15, r15
 cd4:	71 f0       	breq	.+28     	; 0xcf2 <vfscanf+0x1d2>
 cd6:	c6 01       	movw	r24, r12
 cd8:	0e 94 cb 06 	call	0xd96	; 0xd96 <fgetc>
 cdc:	3c 01       	movw	r6, r24
 cde:	97 fd       	sbrc	r25, 7
 ce0:	08 c0       	rjmp	.+16     	; 0xcf2 <vfscanf+0x1d2>
 ce2:	0e 94 a1 06 	call	0xd42	; 0xd42 <isspace>
 ce6:	89 2b       	or	r24, r25
 ce8:	59 f3       	breq	.-42     	; 0xcc0 <vfscanf+0x1a0>
 cea:	b6 01       	movw	r22, r12
 cec:	c3 01       	movw	r24, r6
 cee:	0e 94 45 07 	call	0xe8a	; 0xe8a <ungetc>
 cf2:	81 14       	cp	r8, r1
 cf4:	91 04       	cpc	r9, r1
 cf6:	a9 f0       	breq	.+42     	; 0xd22 <vfscanf+0x202>
 cf8:	f4 01       	movw	r30, r8
 cfa:	10 82       	st	Z, r1
 cfc:	12 c0       	rjmp	.+36     	; 0xd22 <vfscanf+0x202>
 cfe:	00 62       	ori	r16, 0x20	; 32
 d00:	03 c0       	rjmp	.+6      	; 0xd08 <vfscanf+0x1e8>
 d02:	00 61       	ori	r16, 0x10	; 16
 d04:	01 c0       	rjmp	.+2      	; 0xd08 <vfscanf+0x1e8>
 d06:	00 64       	ori	r16, 0x40	; 64
 d08:	20 2f       	mov	r18, r16
 d0a:	a4 01       	movw	r20, r8
 d0c:	6f 2d       	mov	r22, r15
 d0e:	c6 01       	movw	r24, r12
 d10:	0e 94 40 04 	call	0x880	; 0x880 <conv_int>
 d14:	81 11       	cpse	r24, r1
 d16:	05 c0       	rjmp	.+10     	; 0xd22 <vfscanf+0x202>
 d18:	f6 01       	movw	r30, r12
 d1a:	83 81       	ldd	r24, Z+3	; 0x03
 d1c:	80 73       	andi	r24, 0x30	; 48
 d1e:	29 f4       	brne	.+10     	; 0xd2a <vfscanf+0x20a>
 d20:	06 c0       	rjmp	.+12     	; 0xd2e <vfscanf+0x20e>
 d22:	00 fd       	sbrc	r16, 0
 d24:	0a cf       	rjmp	.-492    	; 0xb3a <vfscanf+0x1a>
 d26:	53 94       	inc	r5
 d28:	08 cf       	rjmp	.-496    	; 0xb3a <vfscanf+0x1a>
 d2a:	55 20       	and	r5, r5
 d2c:	19 f0       	breq	.+6      	; 0xd34 <vfscanf+0x214>
 d2e:	85 2d       	mov	r24, r5
 d30:	90 e0       	ldi	r25, 0x00	; 0
 d32:	02 c0       	rjmp	.+4      	; 0xd38 <vfscanf+0x218>
 d34:	8f ef       	ldi	r24, 0xFF	; 255
 d36:	9f ef       	ldi	r25, 0xFF	; 255
 d38:	cd b7       	in	r28, 0x3d	; 61
 d3a:	de b7       	in	r29, 0x3e	; 62
 d3c:	ef e0       	ldi	r30, 0x0F	; 15
 d3e:	0c 94 de 07 	jmp	0xfbc	; 0xfbc <__epilogue_restores__+0x6>

00000d42 <isspace>:
 d42:	91 11       	cpse	r25, r1
 d44:	0c 94 bc 07 	jmp	0xf78	; 0xf78 <__ctype_isfalse>
 d48:	80 32       	cpi	r24, 0x20	; 32
 d4a:	19 f0       	breq	.+6      	; 0xd52 <isspace+0x10>
 d4c:	89 50       	subi	r24, 0x09	; 9
 d4e:	85 50       	subi	r24, 0x05	; 5
 d50:	c8 f7       	brcc	.-14     	; 0xd44 <isspace+0x2>
 d52:	08 95       	ret

00000d54 <strchr_P>:
 d54:	fc 01       	movw	r30, r24
 d56:	05 90       	lpm	r0, Z+
 d58:	06 16       	cp	r0, r22
 d5a:	21 f0       	breq	.+8      	; 0xd64 <strchr_P+0x10>
 d5c:	00 20       	and	r0, r0
 d5e:	d9 f7       	brne	.-10     	; 0xd56 <strchr_P+0x2>
 d60:	c0 01       	movw	r24, r0
 d62:	08 95       	ret
 d64:	31 97       	sbiw	r30, 0x01	; 1
 d66:	cf 01       	movw	r24, r30
 d68:	08 95       	ret

00000d6a <strnlen_P>:
 d6a:	fc 01       	movw	r30, r24
 d6c:	05 90       	lpm	r0, Z+
 d6e:	61 50       	subi	r22, 0x01	; 1
 d70:	70 40       	sbci	r23, 0x00	; 0
 d72:	01 10       	cpse	r0, r1
 d74:	d8 f7       	brcc	.-10     	; 0xd6c <strnlen_P+0x2>
 d76:	80 95       	com	r24
 d78:	90 95       	com	r25
 d7a:	8e 0f       	add	r24, r30
 d7c:	9f 1f       	adc	r25, r31
 d7e:	08 95       	ret

00000d80 <strnlen>:
 d80:	fc 01       	movw	r30, r24
 d82:	61 50       	subi	r22, 0x01	; 1
 d84:	70 40       	sbci	r23, 0x00	; 0
 d86:	01 90       	ld	r0, Z+
 d88:	01 10       	cpse	r0, r1
 d8a:	d8 f7       	brcc	.-10     	; 0xd82 <strnlen+0x2>
 d8c:	80 95       	com	r24
 d8e:	90 95       	com	r25
 d90:	8e 0f       	add	r24, r30
 d92:	9f 1f       	adc	r25, r31
 d94:	08 95       	ret

00000d96 <fgetc>:
 d96:	cf 93       	push	r28
 d98:	df 93       	push	r29
 d9a:	ec 01       	movw	r28, r24
 d9c:	2b 81       	ldd	r18, Y+3	; 0x03
 d9e:	20 ff       	sbrs	r18, 0
 da0:	33 c0       	rjmp	.+102    	; 0xe08 <fgetc+0x72>
 da2:	26 ff       	sbrs	r18, 6
 da4:	0a c0       	rjmp	.+20     	; 0xdba <fgetc+0x24>
 da6:	2f 7b       	andi	r18, 0xBF	; 191
 da8:	2b 83       	std	Y+3, r18	; 0x03
 daa:	8e 81       	ldd	r24, Y+6	; 0x06
 dac:	9f 81       	ldd	r25, Y+7	; 0x07
 dae:	01 96       	adiw	r24, 0x01	; 1
 db0:	9f 83       	std	Y+7, r25	; 0x07
 db2:	8e 83       	std	Y+6, r24	; 0x06
 db4:	8a 81       	ldd	r24, Y+2	; 0x02
 db6:	90 e0       	ldi	r25, 0x00	; 0
 db8:	29 c0       	rjmp	.+82     	; 0xe0c <fgetc+0x76>
 dba:	22 ff       	sbrs	r18, 2
 dbc:	0f c0       	rjmp	.+30     	; 0xddc <fgetc+0x46>
 dbe:	e8 81       	ld	r30, Y
 dc0:	f9 81       	ldd	r31, Y+1	; 0x01
 dc2:	80 81       	ld	r24, Z
 dc4:	08 2e       	mov	r0, r24
 dc6:	00 0c       	add	r0, r0
 dc8:	99 0b       	sbc	r25, r25
 dca:	00 97       	sbiw	r24, 0x00	; 0
 dcc:	19 f4       	brne	.+6      	; 0xdd4 <fgetc+0x3e>
 dce:	20 62       	ori	r18, 0x20	; 32
 dd0:	2b 83       	std	Y+3, r18	; 0x03
 dd2:	1a c0       	rjmp	.+52     	; 0xe08 <fgetc+0x72>
 dd4:	31 96       	adiw	r30, 0x01	; 1
 dd6:	f9 83       	std	Y+1, r31	; 0x01
 dd8:	e8 83       	st	Y, r30
 dda:	0e c0       	rjmp	.+28     	; 0xdf8 <fgetc+0x62>
 ddc:	ea 85       	ldd	r30, Y+10	; 0x0a
 dde:	fb 85       	ldd	r31, Y+11	; 0x0b
 de0:	09 95       	icall
 de2:	97 ff       	sbrs	r25, 7
 de4:	09 c0       	rjmp	.+18     	; 0xdf8 <fgetc+0x62>
 de6:	2b 81       	ldd	r18, Y+3	; 0x03
 de8:	01 96       	adiw	r24, 0x01	; 1
 dea:	11 f0       	breq	.+4      	; 0xdf0 <fgetc+0x5a>
 dec:	80 e2       	ldi	r24, 0x20	; 32
 dee:	01 c0       	rjmp	.+2      	; 0xdf2 <fgetc+0x5c>
 df0:	80 e1       	ldi	r24, 0x10	; 16
 df2:	82 2b       	or	r24, r18
 df4:	8b 83       	std	Y+3, r24	; 0x03
 df6:	08 c0       	rjmp	.+16     	; 0xe08 <fgetc+0x72>
 df8:	2e 81       	ldd	r18, Y+6	; 0x06
 dfa:	3f 81       	ldd	r19, Y+7	; 0x07
 dfc:	2f 5f       	subi	r18, 0xFF	; 255
 dfe:	3f 4f       	sbci	r19, 0xFF	; 255
 e00:	3f 83       	std	Y+7, r19	; 0x07
 e02:	2e 83       	std	Y+6, r18	; 0x06
 e04:	99 27       	eor	r25, r25
 e06:	02 c0       	rjmp	.+4      	; 0xe0c <fgetc+0x76>
 e08:	8f ef       	ldi	r24, 0xFF	; 255
 e0a:	9f ef       	ldi	r25, 0xFF	; 255
 e0c:	df 91       	pop	r29
 e0e:	cf 91       	pop	r28
 e10:	08 95       	ret

00000e12 <fputc>:
 e12:	0f 93       	push	r16
 e14:	1f 93       	push	r17
 e16:	cf 93       	push	r28
 e18:	df 93       	push	r29
 e1a:	fb 01       	movw	r30, r22
 e1c:	23 81       	ldd	r18, Z+3	; 0x03
 e1e:	21 fd       	sbrc	r18, 1
 e20:	03 c0       	rjmp	.+6      	; 0xe28 <fputc+0x16>
 e22:	8f ef       	ldi	r24, 0xFF	; 255
 e24:	9f ef       	ldi	r25, 0xFF	; 255
 e26:	2c c0       	rjmp	.+88     	; 0xe80 <fputc+0x6e>
 e28:	22 ff       	sbrs	r18, 2
 e2a:	16 c0       	rjmp	.+44     	; 0xe58 <fputc+0x46>
 e2c:	46 81       	ldd	r20, Z+6	; 0x06
 e2e:	57 81       	ldd	r21, Z+7	; 0x07
 e30:	24 81       	ldd	r18, Z+4	; 0x04
 e32:	35 81       	ldd	r19, Z+5	; 0x05
 e34:	42 17       	cp	r20, r18
 e36:	53 07       	cpc	r21, r19
 e38:	44 f4       	brge	.+16     	; 0xe4a <fputc+0x38>
 e3a:	a0 81       	ld	r26, Z
 e3c:	b1 81       	ldd	r27, Z+1	; 0x01
 e3e:	9d 01       	movw	r18, r26
 e40:	2f 5f       	subi	r18, 0xFF	; 255
 e42:	3f 4f       	sbci	r19, 0xFF	; 255
 e44:	31 83       	std	Z+1, r19	; 0x01
 e46:	20 83       	st	Z, r18
 e48:	8c 93       	st	X, r24
 e4a:	26 81       	ldd	r18, Z+6	; 0x06
 e4c:	37 81       	ldd	r19, Z+7	; 0x07
 e4e:	2f 5f       	subi	r18, 0xFF	; 255
 e50:	3f 4f       	sbci	r19, 0xFF	; 255
 e52:	37 83       	std	Z+7, r19	; 0x07
 e54:	26 83       	std	Z+6, r18	; 0x06
 e56:	14 c0       	rjmp	.+40     	; 0xe80 <fputc+0x6e>
 e58:	8b 01       	movw	r16, r22
 e5a:	ec 01       	movw	r28, r24
 e5c:	fb 01       	movw	r30, r22
 e5e:	00 84       	ldd	r0, Z+8	; 0x08
 e60:	f1 85       	ldd	r31, Z+9	; 0x09
 e62:	e0 2d       	mov	r30, r0
 e64:	09 95       	icall
 e66:	89 2b       	or	r24, r25
 e68:	e1 f6       	brne	.-72     	; 0xe22 <fputc+0x10>
 e6a:	d8 01       	movw	r26, r16
 e6c:	16 96       	adiw	r26, 0x06	; 6
 e6e:	8d 91       	ld	r24, X+
 e70:	9c 91       	ld	r25, X
 e72:	17 97       	sbiw	r26, 0x07	; 7
 e74:	01 96       	adiw	r24, 0x01	; 1
 e76:	17 96       	adiw	r26, 0x07	; 7
 e78:	9c 93       	st	X, r25
 e7a:	8e 93       	st	-X, r24
 e7c:	16 97       	sbiw	r26, 0x06	; 6
 e7e:	ce 01       	movw	r24, r28
 e80:	df 91       	pop	r29
 e82:	cf 91       	pop	r28
 e84:	1f 91       	pop	r17
 e86:	0f 91       	pop	r16
 e88:	08 95       	ret

00000e8a <ungetc>:
 e8a:	fb 01       	movw	r30, r22
 e8c:	23 81       	ldd	r18, Z+3	; 0x03
 e8e:	20 ff       	sbrs	r18, 0
 e90:	12 c0       	rjmp	.+36     	; 0xeb6 <ungetc+0x2c>
 e92:	26 fd       	sbrc	r18, 6
 e94:	10 c0       	rjmp	.+32     	; 0xeb6 <ungetc+0x2c>
 e96:	8f 3f       	cpi	r24, 0xFF	; 255
 e98:	3f ef       	ldi	r19, 0xFF	; 255
 e9a:	93 07       	cpc	r25, r19
 e9c:	61 f0       	breq	.+24     	; 0xeb6 <ungetc+0x2c>
 e9e:	82 83       	std	Z+2, r24	; 0x02
 ea0:	2f 7d       	andi	r18, 0xDF	; 223
 ea2:	20 64       	ori	r18, 0x40	; 64
 ea4:	23 83       	std	Z+3, r18	; 0x03
 ea6:	26 81       	ldd	r18, Z+6	; 0x06
 ea8:	37 81       	ldd	r19, Z+7	; 0x07
 eaa:	21 50       	subi	r18, 0x01	; 1
 eac:	31 09       	sbc	r19, r1
 eae:	37 83       	std	Z+7, r19	; 0x07
 eb0:	26 83       	std	Z+6, r18	; 0x06
 eb2:	99 27       	eor	r25, r25
 eb4:	08 95       	ret
 eb6:	8f ef       	ldi	r24, 0xFF	; 255
 eb8:	9f ef       	ldi	r25, 0xFF	; 255
 eba:	08 95       	ret

00000ebc <__ultoa_invert>:
 ebc:	fa 01       	movw	r30, r20
 ebe:	aa 27       	eor	r26, r26
 ec0:	28 30       	cpi	r18, 0x08	; 8
 ec2:	51 f1       	breq	.+84     	; 0xf18 <__ultoa_invert+0x5c>
 ec4:	20 31       	cpi	r18, 0x10	; 16
 ec6:	81 f1       	breq	.+96     	; 0xf28 <__ultoa_invert+0x6c>
 ec8:	e8 94       	clt
 eca:	6f 93       	push	r22
 ecc:	6e 7f       	andi	r22, 0xFE	; 254
 ece:	6e 5f       	subi	r22, 0xFE	; 254
 ed0:	7f 4f       	sbci	r23, 0xFF	; 255
 ed2:	8f 4f       	sbci	r24, 0xFF	; 255
 ed4:	9f 4f       	sbci	r25, 0xFF	; 255
 ed6:	af 4f       	sbci	r26, 0xFF	; 255
 ed8:	b1 e0       	ldi	r27, 0x01	; 1
 eda:	3e d0       	rcall	.+124    	; 0xf58 <__ultoa_invert+0x9c>
 edc:	b4 e0       	ldi	r27, 0x04	; 4
 ede:	3c d0       	rcall	.+120    	; 0xf58 <__ultoa_invert+0x9c>
 ee0:	67 0f       	add	r22, r23
 ee2:	78 1f       	adc	r23, r24
 ee4:	89 1f       	adc	r24, r25
 ee6:	9a 1f       	adc	r25, r26
 ee8:	a1 1d       	adc	r26, r1
 eea:	68 0f       	add	r22, r24
 eec:	79 1f       	adc	r23, r25
 eee:	8a 1f       	adc	r24, r26
 ef0:	91 1d       	adc	r25, r1
 ef2:	a1 1d       	adc	r26, r1
 ef4:	6a 0f       	add	r22, r26
 ef6:	71 1d       	adc	r23, r1
 ef8:	81 1d       	adc	r24, r1
 efa:	91 1d       	adc	r25, r1
 efc:	a1 1d       	adc	r26, r1
 efe:	20 d0       	rcall	.+64     	; 0xf40 <__ultoa_invert+0x84>
 f00:	09 f4       	brne	.+2      	; 0xf04 <__ultoa_invert+0x48>
 f02:	68 94       	set
 f04:	3f 91       	pop	r19
 f06:	2a e0       	ldi	r18, 0x0A	; 10
 f08:	26 9f       	mul	r18, r22
 f0a:	11 24       	eor	r1, r1
 f0c:	30 19       	sub	r19, r0
 f0e:	30 5d       	subi	r19, 0xD0	; 208
 f10:	31 93       	st	Z+, r19
 f12:	de f6       	brtc	.-74     	; 0xeca <__ultoa_invert+0xe>
 f14:	cf 01       	movw	r24, r30
 f16:	08 95       	ret
 f18:	46 2f       	mov	r20, r22
 f1a:	47 70       	andi	r20, 0x07	; 7
 f1c:	40 5d       	subi	r20, 0xD0	; 208
 f1e:	41 93       	st	Z+, r20
 f20:	b3 e0       	ldi	r27, 0x03	; 3
 f22:	0f d0       	rcall	.+30     	; 0xf42 <__ultoa_invert+0x86>
 f24:	c9 f7       	brne	.-14     	; 0xf18 <__ultoa_invert+0x5c>
 f26:	f6 cf       	rjmp	.-20     	; 0xf14 <__ultoa_invert+0x58>
 f28:	46 2f       	mov	r20, r22
 f2a:	4f 70       	andi	r20, 0x0F	; 15
 f2c:	40 5d       	subi	r20, 0xD0	; 208
 f2e:	4a 33       	cpi	r20, 0x3A	; 58
 f30:	18 f0       	brcs	.+6      	; 0xf38 <__ultoa_invert+0x7c>
 f32:	49 5d       	subi	r20, 0xD9	; 217
 f34:	31 fd       	sbrc	r19, 1
 f36:	40 52       	subi	r20, 0x20	; 32
 f38:	41 93       	st	Z+, r20
 f3a:	02 d0       	rcall	.+4      	; 0xf40 <__ultoa_invert+0x84>
 f3c:	a9 f7       	brne	.-22     	; 0xf28 <__ultoa_invert+0x6c>
 f3e:	ea cf       	rjmp	.-44     	; 0xf14 <__ultoa_invert+0x58>
 f40:	b4 e0       	ldi	r27, 0x04	; 4
 f42:	a6 95       	lsr	r26
 f44:	97 95       	ror	r25
 f46:	87 95       	ror	r24
 f48:	77 95       	ror	r23
 f4a:	67 95       	ror	r22
 f4c:	ba 95       	dec	r27
 f4e:	c9 f7       	brne	.-14     	; 0xf42 <__ultoa_invert+0x86>
 f50:	00 97       	sbiw	r24, 0x00	; 0
 f52:	61 05       	cpc	r22, r1
 f54:	71 05       	cpc	r23, r1
 f56:	08 95       	ret
 f58:	9b 01       	movw	r18, r22
 f5a:	ac 01       	movw	r20, r24
 f5c:	0a 2e       	mov	r0, r26
 f5e:	06 94       	lsr	r0
 f60:	57 95       	ror	r21
 f62:	47 95       	ror	r20
 f64:	37 95       	ror	r19
 f66:	27 95       	ror	r18
 f68:	ba 95       	dec	r27
 f6a:	c9 f7       	brne	.-14     	; 0xf5e <__ultoa_invert+0xa2>
 f6c:	62 0f       	add	r22, r18
 f6e:	73 1f       	adc	r23, r19
 f70:	84 1f       	adc	r24, r20
 f72:	95 1f       	adc	r25, r21
 f74:	a0 1d       	adc	r26, r0
 f76:	08 95       	ret

00000f78 <__ctype_isfalse>:
 f78:	99 27       	eor	r25, r25
 f7a:	88 27       	eor	r24, r24

00000f7c <__ctype_istrue>:
 f7c:	08 95       	ret

00000f7e <__prologue_saves__>:
 f7e:	2f 92       	push	r2
 f80:	3f 92       	push	r3
 f82:	4f 92       	push	r4
 f84:	5f 92       	push	r5
 f86:	6f 92       	push	r6
 f88:	7f 92       	push	r7
 f8a:	8f 92       	push	r8
 f8c:	9f 92       	push	r9
 f8e:	af 92       	push	r10
 f90:	bf 92       	push	r11
 f92:	cf 92       	push	r12
 f94:	df 92       	push	r13
 f96:	ef 92       	push	r14
 f98:	ff 92       	push	r15
 f9a:	0f 93       	push	r16
 f9c:	1f 93       	push	r17
 f9e:	cf 93       	push	r28
 fa0:	df 93       	push	r29
 fa2:	cd b7       	in	r28, 0x3d	; 61
 fa4:	de b7       	in	r29, 0x3e	; 62
 fa6:	ca 1b       	sub	r28, r26
 fa8:	db 0b       	sbc	r29, r27
 faa:	0f b6       	in	r0, 0x3f	; 63
 fac:	f8 94       	cli
 fae:	de bf       	out	0x3e, r29	; 62
 fb0:	0f be       	out	0x3f, r0	; 63
 fb2:	cd bf       	out	0x3d, r28	; 61
 fb4:	09 94       	ijmp

00000fb6 <__epilogue_restores__>:
 fb6:	2a 88       	ldd	r2, Y+18	; 0x12
 fb8:	39 88       	ldd	r3, Y+17	; 0x11
 fba:	48 88       	ldd	r4, Y+16	; 0x10
 fbc:	5f 84       	ldd	r5, Y+15	; 0x0f
 fbe:	6e 84       	ldd	r6, Y+14	; 0x0e
 fc0:	7d 84       	ldd	r7, Y+13	; 0x0d
 fc2:	8c 84       	ldd	r8, Y+12	; 0x0c
 fc4:	9b 84       	ldd	r9, Y+11	; 0x0b
 fc6:	aa 84       	ldd	r10, Y+10	; 0x0a
 fc8:	b9 84       	ldd	r11, Y+9	; 0x09
 fca:	c8 84       	ldd	r12, Y+8	; 0x08
 fcc:	df 80       	ldd	r13, Y+7	; 0x07
 fce:	ee 80       	ldd	r14, Y+6	; 0x06
 fd0:	fd 80       	ldd	r15, Y+5	; 0x05
 fd2:	0c 81       	ldd	r16, Y+4	; 0x04
 fd4:	1b 81       	ldd	r17, Y+3	; 0x03
 fd6:	aa 81       	ldd	r26, Y+2	; 0x02
 fd8:	b9 81       	ldd	r27, Y+1	; 0x01
 fda:	ce 0f       	add	r28, r30
 fdc:	d1 1d       	adc	r29, r1
 fde:	0f b6       	in	r0, 0x3f	; 63
 fe0:	f8 94       	cli
 fe2:	de bf       	out	0x3e, r29	; 62
 fe4:	0f be       	out	0x3f, r0	; 63
 fe6:	cd bf       	out	0x3d, r28	; 61
 fe8:	ed 01       	movw	r28, r26
 fea:	08 95       	ret

00000fec <_exit>:
 fec:	f8 94       	cli

00000fee <__stop_program>:
 fee:	ff cf       	rjmp	.-2      	; 0xfee <__stop_program>
