Archive member included to satisfy reference by file (symbol)

/usr/lib/gcc/avr/5.4.0/avr5/libgcc.a(_exit.o)
                              /usr/lib/gcc/avr/5.4.0/../../../avr/lib/avr5/crtatmega328p.o (exit)
/usr/lib/gcc/avr/5.4.0/avr5/libgcc.a(_copy_data.o)
                              main.o (__do_copy_data)
/usr/lib/gcc/avr/5.4.0/avr5/libgcc.a(_clear_bss.o)
                              main.o (__do_clear_bss)
/usr/lib/gcc/avr/5.4.0/../../../avr/lib/avr5/libc.a(memcpy.o)
                              ./FreeRTOS/Source/queue.o (memcpy)
/usr/lib/gcc/avr/5.4.0/../../../avr/lib/avr5/libc.a(utoa.o)
                              main.o (utoa)
/usr/lib/gcc/avr/5.4.0/../../../avr/lib/avr5/libc.a(utoa_ncheck.o)
                              /usr/lib/gcc/avr/5.4.0/../../../avr/lib/avr5/libc.a(utoa.o) (__utoa_ncheck)
/usr/lib/gcc/avr/5.4.0/../../../avr/lib/avr5/libc.a(fputc.o)
                              main.o (fputc)
/usr/lib/gcc/avr/5.4.0/../../../avr/lib/avr5/libc.a(iob.o)
                              main.o (__iob)
/usr/lib/gcc/avr/5.4.0/../../../avr/lib/avr5/libc.a(puts.o)
                              main.o (puts)
/usr/lib/gcc/avr/5.4.0/../../../avr/lib/avr5/libc.a(strrev.o)
                              /usr/lib/gcc/avr/5.4.0/../../../avr/lib/avr5/libc.a(utoa_ncheck.o) (strrev)

Allocating common symbols
Common symbol       size              file

mutex_a             0x2               main.o
mutex_r             0x2               main.o
__iob               0x6               /usr/lib/gcc/avr/5.4.0/../../../avr/lib/avr5/libc.a(iob.o)

Memory Configuration

Name             Origin             Length             Attributes
text             0x0000000000000000 0x0000000000020000 xr
data             0x0000000000800060 0x000000000000ffa0 rw !x
eeprom           0x0000000000810000 0x0000000000010000 rw !x
fuse             0x0000000000820000 0x0000000000000003 rw !x
lock             0x0000000000830000 0x0000000000000400 rw !x
signature        0x0000000000840000 0x0000000000000400 rw !x
user_signatures  0x0000000000850000 0x0000000000000400 rw !x
*default*        0x0000000000000000 0xffffffffffffffff

Linker script and memory map

Address of section .data set to 0x800100
LOAD /usr/lib/gcc/avr/5.4.0/../../../avr/lib/avr5/crtatmega328p.o
LOAD main.o
LOAD ./FreeRTOS/Source/tasks.o
LOAD ./FreeRTOS/Source/queue.o
LOAD ./FreeRTOS/Source/list.o
LOAD ./FreeRTOS/Source/croutine.o
LOAD ./FreeRTOS/Source/portable/MemMang/heap_1.o
LOAD ./FreeRTOS/Source/portable/GCC/ATMega328/port.o
LOAD ./uart.o
START GROUP
LOAD /usr/lib/gcc/avr/5.4.0/avr5/libgcc.a
LOAD /usr/lib/gcc/avr/5.4.0/../../../avr/lib/avr5/libm.a
LOAD /usr/lib/gcc/avr/5.4.0/../../../avr/lib/avr5/libc.a
LOAD /usr/lib/gcc/avr/5.4.0/../../../avr/lib/avr5/libatmega328p.a
END GROUP
                0x0000000000020000                __TEXT_REGION_LENGTH__ = DEFINED (__TEXT_REGION_LENGTH__)?__TEXT_REGION_LENGTH__:0x20000
                0x000000000000ffa0                __DATA_REGION_LENGTH__ = DEFINED (__DATA_REGION_LENGTH__)?__DATA_REGION_LENGTH__:0xffa0
                0x0000000000010000                __EEPROM_REGION_LENGTH__ = DEFINED (__EEPROM_REGION_LENGTH__)?__EEPROM_REGION_LENGTH__:0x10000
                [0x0000000000000003]                __FUSE_REGION_LENGTH__ = DEFINED (__FUSE_REGION_LENGTH__)?__FUSE_REGION_LENGTH__:0x400
                0x0000000000000400                __LOCK_REGION_LENGTH__ = DEFINED (__LOCK_REGION_LENGTH__)?__LOCK_REGION_LENGTH__:0x400
                0x0000000000000400                __SIGNATURE_REGION_LENGTH__ = DEFINED (__SIGNATURE_REGION_LENGTH__)?__SIGNATURE_REGION_LENGTH__:0x400
                0x0000000000000400                __USER_SIGNATURE_REGION_LENGTH__ = DEFINED (__USER_SIGNATURE_REGION_LENGTH__)?__USER_SIGNATURE_REGION_LENGTH__:0x400

.hash
 *(.hash)

.dynsym
 *(.dynsym)

.dynstr
 *(.dynstr)

.gnu.version
 *(.gnu.version)

.gnu.version_d
 *(.gnu.version_d)

.gnu.version_r
 *(.gnu.version_r)

.rel.init
 *(.rel.init)

.rela.init
 *(.rela.init)

.rel.text
 *(.rel.text)
 *(.rel.text.*)
 *(.rel.gnu.linkonce.t*)

.rela.text
 *(.rela.text)
 *(.rela.text.*)
 *(.rela.gnu.linkonce.t*)

.rel.fini
 *(.rel.fini)

.rela.fini
 *(.rela.fini)

.rel.rodata
 *(.rel.rodata)
 *(.rel.rodata.*)
 *(.rel.gnu.linkonce.r*)

.rela.rodata
 *(.rela.rodata)
 *(.rela.rodata.*)
 *(.rela.gnu.linkonce.r*)

.rel.data
 *(.rel.data)
 *(.rel.data.*)
 *(.rel.gnu.linkonce.d*)

.rela.data
 *(.rela.data)
 *(.rela.data.*)
 *(.rela.gnu.linkonce.d*)

.rel.ctors
 *(.rel.ctors)

.rela.ctors
 *(.rela.ctors)

.rel.dtors
 *(.rel.dtors)

.rela.dtors
 *(.rela.dtors)

.rel.got
 *(.rel.got)

.rela.got
 *(.rela.got)

.rel.bss
 *(.rel.bss)

.rela.bss
 *(.rela.bss)

.rel.plt
 *(.rel.plt)

.rela.plt
 *(.rela.plt)

.text           0x0000000000000000     0x2900
 *(.vectors)
 .vectors       0x0000000000000000       0x68 /usr/lib/gcc/avr/5.4.0/../../../avr/lib/avr5/crtatmega328p.o
                0x0000000000000000                __vectors
                0x0000000000000000                __vector_default
 *(.vectors)
 *(.progmem.gcc*)
                0x0000000000000068                . = ALIGN (0x2)
                0x0000000000000068                __trampolines_start = .
 *(.trampolines)
 .trampolines   0x0000000000000068        0x0 linker stubs
 *(.trampolines*)
                0x0000000000000068                __trampolines_end = .
 *libprintf_flt.a:*(.progmem.data)
 *libc.a:*(.progmem.data)
 *(.progmem*)
                0x0000000000000068                . = ALIGN (0x2)
 *(.jumptables)
 *(.jumptables*)
 *(.lowtext)
 *(.lowtext*)
                0x0000000000000068                __ctors_start = .
 *(.ctors)
                0x0000000000000068                __ctors_end = .
                0x0000000000000068                __dtors_start = .
 *(.dtors)
                0x0000000000000068                __dtors_end = .
 SORT(*)(.ctors)
 SORT(*)(.dtors)
 *(.init0)
 .init0         0x0000000000000068        0x0 /usr/lib/gcc/avr/5.4.0/../../../avr/lib/avr5/crtatmega328p.o
                0x0000000000000068                __init
 *(.init0)
 *(.init1)
 *(.init1)
 *(.init2)
 .init2         0x0000000000000068        0xc /usr/lib/gcc/avr/5.4.0/../../../avr/lib/avr5/crtatmega328p.o
 *(.init2)
 *(.init3)
 *(.init3)
 *(.init4)
 .init4         0x0000000000000074       0x16 /usr/lib/gcc/avr/5.4.0/avr5/libgcc.a(_copy_data.o)
                0x0000000000000074                __do_copy_data
 .init4         0x000000000000008a       0x10 /usr/lib/gcc/avr/5.4.0/avr5/libgcc.a(_clear_bss.o)
                0x000000000000008a                __do_clear_bss
 *(.init4)
 *(.init5)
 *(.init5)
 *(.init6)
 *(.init6)
 *(.init7)
 *(.init7)
 *(.init8)
 *(.init8)
 *(.init9)
 .init9         0x000000000000009a        0x8 /usr/lib/gcc/avr/5.4.0/../../../avr/lib/avr5/crtatmega328p.o
 *(.init9)
 *(.text)
 .text          0x00000000000000a2        0x4 /usr/lib/gcc/avr/5.4.0/../../../avr/lib/avr5/crtatmega328p.o
                0x00000000000000a2                __vector_22
                0x00000000000000a2                __vector_1
                0x00000000000000a2                __vector_24
                0x00000000000000a2                __vector_12
                0x00000000000000a2                __bad_interrupt
                0x00000000000000a2                __vector_6
                0x00000000000000a2                __vector_3
                0x00000000000000a2                __vector_23
                0x00000000000000a2                __vector_25
                0x00000000000000a2                __vector_13
                0x00000000000000a2                __vector_17
                0x00000000000000a2                __vector_19
                0x00000000000000a2                __vector_7
                0x00000000000000a2                __vector_5
                0x00000000000000a2                __vector_4
                0x00000000000000a2                __vector_9
                0x00000000000000a2                __vector_2
                0x00000000000000a2                __vector_15
                0x00000000000000a2                __vector_8
                0x00000000000000a2                __vector_14
                0x00000000000000a2                __vector_10
                0x00000000000000a2                __vector_16
                0x00000000000000a2                __vector_18
                0x00000000000000a2                __vector_20
 .text          0x00000000000000a6      0x16c main.o
                0x00000000000000a6                adc_init
                0x00000000000000c6                readADC
                0x00000000000001bc                __vector_21
                0x0000000000000210                vApplicationIdleHook
 .text          0x0000000000000212     0x11fa ./FreeRTOS/Source/tasks.o
                0x000000000000035c                xTaskCreate
                0x0000000000000562                vTaskDelete
                0x000000000000060c                vTaskResume
                0x000000000000069a                xTaskResumeFromISR
                0x000000000000072a                vTaskStartScheduler
                0x000000000000077e                vTaskEndScheduler
                0x0000000000000788                vTaskSuspendAll
                0x0000000000000794                xTaskGetTickCount
                0x00000000000007a8                xTaskGetTickCountFromISR
                0x00000000000007b2                uxTaskGetNumberOfTasks
                0x00000000000007b8                pcTaskGetName
                0x00000000000007c8                xTaskIncrementTick
                0x0000000000000920                xTaskResumeAll
                0x00000000000009fe                vTaskDelayUntil
                0x0000000000000a6e                vTaskDelay
                0x0000000000000a98                vTaskSwitchContext
                0x0000000000000b1e                vTaskSuspend
                0x0000000000000bca                vTaskPlaceOnEventList
                0x0000000000000bec                vTaskPlaceOnUnorderedEventList
                0x0000000000000c1c                xTaskRemoveFromEventList
                0x0000000000000c9c                vTaskRemoveFromUnorderedEventList
                0x0000000000000d00                vTaskSetTimeOutState
                0x0000000000000d20                vTaskInternalSetTimeOutState
                0x0000000000000d36                xTaskCheckForTimeOut
                0x0000000000000d9c                vTaskMissedYield
                0x0000000000000da4                xTaskGetCurrentTaskHandle
                0x0000000000000dae                xTaskPriorityInherit
                0x0000000000000e74                xTaskPriorityDisinherit
                0x0000000000000ee8                vTaskPriorityDisinheritAfterTimeout
                0x0000000000000f76                uxTaskResetEventItemValue
                0x0000000000000fa4                pvTaskIncrementMutexHeldCount
                0x0000000000000fc8                ulTaskNotifyTake
                0x000000000000106a                xTaskNotifyWait
                0x000000000000117a                xTaskGenericNotify
                0x000000000000124c                xTaskGenericNotifyFromISR
                0x0000000000001340                vTaskNotifyGiveFromISR
                0x00000000000013e4                xTaskNotifyStateClear
 .text          0x000000000000140c      0xa9a ./FreeRTOS/Source/queue.o
                0x0000000000001578                xQueueGenericReset
                0x00000000000015f6                xQueueGenericCreate
                0x0000000000001646                xQueueGenericSend
                0x0000000000001772                xQueueCreateMutex
                0x00000000000017a6                xQueueGenericSendFromISR
                0x0000000000001804                xQueueGiveFromISR
                0x000000000000184a                xQueueReceive
                0x000000000000196e                xQueueSemaphoreTake
                0x0000000000001af2                xQueuePeek
                0x0000000000001c16                xQueueReceiveFromISR
                0x0000000000001c74                xQueuePeekFromISR
                0x0000000000001ca2                uxQueueMessagesWaiting
                0x0000000000001cb2                uxQueueSpacesAvailable
                0x0000000000001cc6                uxQueueMessagesWaitingFromISR
                0x0000000000001ccc                vQueueDelete
                0x0000000000001cd0                xQueueIsQueueEmptyFromISR
                0x0000000000001cdc                xQueueIsQueueFullFromISR
                0x0000000000001cea                xQueueCRSend
                0x0000000000001d58                xQueueCRReceive
                0x0000000000001de6                xQueueCRSendFromISR
                0x0000000000001e2c                xQueueCRReceiveFromISR
 .text          0x0000000000001ea6      0x11e ./FreeRTOS/Source/list.o
                0x0000000000001ea6                vListInitialise
                0x0000000000001ec2                vListInitialiseItem
                0x0000000000001eca                vListInsertEnd
                0x0000000000001f0c                vListInsert
                0x0000000000001f7c                uxListRemove
 .text          0x0000000000001fc4      0x38c ./FreeRTOS/Source/croutine.o
                0x0000000000001fc4                xCoRoutineCreate
                0x00000000000020a8                vCoRoutineAddToDelayedList
                0x000000000000212c                vCoRoutineSchedule
                0x0000000000002306                xCoRoutineRemoveFromEventList
 .text          0x0000000000002350       0x82 ./FreeRTOS/Source/portable/MemMang/heap_1.o
                0x0000000000002350                pvPortMalloc
                0x00000000000023b4                vPortFree
                0x00000000000023b6                vPortInitialiseBlocks
                0x00000000000023c0                xPortGetFreeHeapSize
 .text          0x00000000000023d2      0x2ca ./FreeRTOS/Source/portable/GCC/ATMega328/port.o
                0x00000000000023d2                pxPortInitialiseStack
                0x00000000000024aa                xPortStartScheduler
                0x000000000000252a                vPortEndScheduler
                0x000000000000252c                vPortYield
                0x00000000000025de                vPortYieldFromTick
                0x0000000000002696                __vector_11
 .text          0x000000000000269c       0x56 ./uart.o
                0x000000000000269c                uart_transmit
                0x00000000000026ba                uart_receive
                0x00000000000026d0                uart_init
 .text          0x00000000000026f2        0x0 /usr/lib/gcc/avr/5.4.0/avr5/libgcc.a(_exit.o)
 .text          0x00000000000026f2        0x0 /usr/lib/gcc/avr/5.4.0/avr5/libgcc.a(_copy_data.o)
 .text          0x00000000000026f2        0x0 /usr/lib/gcc/avr/5.4.0/avr5/libgcc.a(_clear_bss.o)
 .text          0x00000000000026f2        0x0 /usr/lib/gcc/avr/5.4.0/../../../avr/lib/avr5/libc.a(memcpy.o)
 .text          0x00000000000026f2        0x0 /usr/lib/gcc/avr/5.4.0/../../../avr/lib/avr5/libc.a(utoa.o)
 .text          0x00000000000026f2        0x0 /usr/lib/gcc/avr/5.4.0/../../../avr/lib/avr5/libc.a(utoa_ncheck.o)
 .text          0x00000000000026f2        0x0 /usr/lib/gcc/avr/5.4.0/../../../avr/lib/avr5/libc.a(fputc.o)
 .text          0x00000000000026f2        0x0 /usr/lib/gcc/avr/5.4.0/../../../avr/lib/avr5/libc.a(iob.o)
 .text          0x00000000000026f2        0x0 /usr/lib/gcc/avr/5.4.0/../../../avr/lib/avr5/libc.a(puts.o)
 .text          0x00000000000026f2        0x0 /usr/lib/gcc/avr/5.4.0/../../../avr/lib/avr5/libc.a(strrev.o)
                0x00000000000026f2                . = ALIGN (0x2)
 *(.text.*)
 .text.startup  0x00000000000026f2       0xb6 main.o
                0x00000000000026f2                main
 .text.libgcc.mul
                0x00000000000027a8        0x0 /usr/lib/gcc/avr/5.4.0/avr5/libgcc.a(_exit.o)
 .text.libgcc.div
                0x00000000000027a8        0x0 /usr/lib/gcc/avr/5.4.0/avr5/libgcc.a(_exit.o)
 .text.libgcc   0x00000000000027a8        0x0 /usr/lib/gcc/avr/5.4.0/avr5/libgcc.a(_exit.o)
 .text.libgcc.prologue
                0x00000000000027a8        0x0 /usr/lib/gcc/avr/5.4.0/avr5/libgcc.a(_exit.o)
 .text.libgcc.builtins
                0x00000000000027a8        0x0 /usr/lib/gcc/avr/5.4.0/avr5/libgcc.a(_exit.o)
 .text.libgcc.fmul
                0x00000000000027a8        0x0 /usr/lib/gcc/avr/5.4.0/avr5/libgcc.a(_exit.o)
 .text.libgcc.fixed
                0x00000000000027a8        0x0 /usr/lib/gcc/avr/5.4.0/avr5/libgcc.a(_exit.o)
 .text.libgcc.mul
                0x00000000000027a8        0x0 /usr/lib/gcc/avr/5.4.0/avr5/libgcc.a(_copy_data.o)
 .text.libgcc.div
                0x00000000000027a8        0x0 /usr/lib/gcc/avr/5.4.0/avr5/libgcc.a(_copy_data.o)
 .text.libgcc   0x00000000000027a8        0x0 /usr/lib/gcc/avr/5.4.0/avr5/libgcc.a(_copy_data.o)
 .text.libgcc.prologue
                0x00000000000027a8        0x0 /usr/lib/gcc/avr/5.4.0/avr5/libgcc.a(_copy_data.o)
 .text.libgcc.builtins
                0x00000000000027a8        0x0 /usr/lib/gcc/avr/5.4.0/avr5/libgcc.a(_copy_data.o)
 .text.libgcc.fmul
                0x00000000000027a8        0x0 /usr/lib/gcc/avr/5.4.0/avr5/libgcc.a(_copy_data.o)
 .text.libgcc.fixed
                0x00000000000027a8        0x0 /usr/lib/gcc/avr/5.4.0/avr5/libgcc.a(_copy_data.o)
 .text.libgcc.mul
                0x00000000000027a8        0x0 /usr/lib/gcc/avr/5.4.0/avr5/libgcc.a(_clear_bss.o)
 .text.libgcc.div
                0x00000000000027a8        0x0 /usr/lib/gcc/avr/5.4.0/avr5/libgcc.a(_clear_bss.o)
 .text.libgcc   0x00000000000027a8        0x0 /usr/lib/gcc/avr/5.4.0/avr5/libgcc.a(_clear_bss.o)
 .text.libgcc.prologue
                0x00000000000027a8        0x0 /usr/lib/gcc/avr/5.4.0/avr5/libgcc.a(_clear_bss.o)
 .text.libgcc.builtins
                0x00000000000027a8        0x0 /usr/lib/gcc/avr/5.4.0/avr5/libgcc.a(_clear_bss.o)
 .text.libgcc.fmul
                0x00000000000027a8        0x0 /usr/lib/gcc/avr/5.4.0/avr5/libgcc.a(_clear_bss.o)
 .text.libgcc.fixed
                0x00000000000027a8        0x0 /usr/lib/gcc/avr/5.4.0/avr5/libgcc.a(_clear_bss.o)
 .text.avr-libc
                0x00000000000027a8       0x12 /usr/lib/gcc/avr/5.4.0/../../../avr/lib/avr5/libc.a(memcpy.o)
                0x00000000000027a8                memcpy
 .text.avr-libc
                0x00000000000027ba       0x16 /usr/lib/gcc/avr/5.4.0/../../../avr/lib/avr5/libc.a(utoa.o)
                0x00000000000027ba                utoa
                0x00000000000027ba                __utoa
 .text.avr-libc
                0x00000000000027d0       0x34 /usr/lib/gcc/avr/5.4.0/../../../avr/lib/avr5/libc.a(utoa_ncheck.o)
                0x00000000000027d0                __utoa_ncheck
                0x00000000000027d2                __utoa_common
 .text.avr-libc
                0x0000000000002804       0x78 /usr/lib/gcc/avr/5.4.0/../../../avr/lib/avr5/libc.a(fputc.o)
                0x0000000000002804                fputc
 .text.avr-libc
                0x000000000000287c       0x60 /usr/lib/gcc/avr/5.4.0/../../../avr/lib/avr5/libc.a(puts.o)
                0x000000000000287c                puts
 .text.avr-libc
                0x00000000000028dc       0x20 /usr/lib/gcc/avr/5.4.0/../../../avr/lib/avr5/libc.a(strrev.o)
                0x00000000000028dc                strrev
                0x00000000000028fc                . = ALIGN (0x2)
 *(.fini9)
 .fini9         0x00000000000028fc        0x0 /usr/lib/gcc/avr/5.4.0/avr5/libgcc.a(_exit.o)
                0x00000000000028fc                exit
                0x00000000000028fc                _exit
 *(.fini9)
 *(.fini8)
 *(.fini8)
 *(.fini7)
 *(.fini7)
 *(.fini6)
 *(.fini6)
 *(.fini5)
 *(.fini5)
 *(.fini4)
 *(.fini4)
 *(.fini3)
 *(.fini3)
 *(.fini2)
 *(.fini2)
 *(.fini1)
 *(.fini1)
 *(.fini0)
 .fini0         0x00000000000028fc        0x4 /usr/lib/gcc/avr/5.4.0/avr5/libgcc.a(_exit.o)
 *(.fini0)
                0x0000000000002900                _etext = .

.data           0x0000000000800100       0x24 load address 0x0000000000002900
                0x0000000000800100                PROVIDE (__data_start, .)
 *(.data)
 .data          0x0000000000800100        0x0 /usr/lib/gcc/avr/5.4.0/../../../avr/lib/avr5/crtatmega328p.o
 .data          0x0000000000800100        0x0 main.o
 .data          0x0000000000800100        0x0 ./FreeRTOS/Source/tasks.o
 .data          0x0000000000800100        0x0 ./FreeRTOS/Source/queue.o
 .data          0x0000000000800100        0x0 ./FreeRTOS/Source/list.o
 .data          0x0000000000800100        0x0 ./FreeRTOS/Source/croutine.o
 .data          0x0000000000800100        0x0 ./FreeRTOS/Source/portable/MemMang/heap_1.o
 .data          0x0000000000800100        0x0 ./FreeRTOS/Source/portable/GCC/ATMega328/port.o
 .data          0x0000000000800100        0xe ./uart.o
                0x0000000000800100                uart_file
 .data          0x000000000080010e        0x0 /usr/lib/gcc/avr/5.4.0/avr5/libgcc.a(_exit.o)
 .data          0x000000000080010e        0x0 /usr/lib/gcc/avr/5.4.0/avr5/libgcc.a(_copy_data.o)
 .data          0x000000000080010e        0x0 /usr/lib/gcc/avr/5.4.0/avr5/libgcc.a(_clear_bss.o)
 .data          0x000000000080010e        0x0 /usr/lib/gcc/avr/5.4.0/../../../avr/lib/avr5/libc.a(memcpy.o)
 .data          0x000000000080010e        0x0 /usr/lib/gcc/avr/5.4.0/../../../avr/lib/avr5/libc.a(utoa.o)
 .data          0x000000000080010e        0x0 /usr/lib/gcc/avr/5.4.0/../../../avr/lib/avr5/libc.a(utoa_ncheck.o)
 .data          0x000000000080010e        0x0 /usr/lib/gcc/avr/5.4.0/../../../avr/lib/avr5/libc.a(fputc.o)
 .data          0x000000000080010e        0x0 /usr/lib/gcc/avr/5.4.0/../../../avr/lib/avr5/libc.a(iob.o)
 .data          0x000000000080010e        0x0 /usr/lib/gcc/avr/5.4.0/../../../avr/lib/avr5/libc.a(puts.o)
 .data          0x000000000080010e        0x0 /usr/lib/gcc/avr/5.4.0/../../../avr/lib/avr5/libc.a(strrev.o)
 *(.data*)
 *(.gnu.linkonce.d*)
 *(.rodata)
 *(.rodata*)
 .rodata.str1.1
                0x000000000080010e       0x11 main.o
 .rodata.str1.1
                0x000000000080011f        0x5 ./FreeRTOS/Source/tasks.o
 *(.gnu.linkonce.r*)
                0x0000000000800124                . = ALIGN (0x2)
                0x0000000000800124                _edata = .
                0x0000000000800124                PROVIDE (__data_end, .)

.bss            0x0000000000800124      0x68b
                0x0000000000800124                PROVIDE (__bss_start, .)
 *(.bss)
 .bss           0x0000000000800124        0x0 /usr/lib/gcc/avr/5.4.0/../../../avr/lib/avr5/crtatmega328p.o
 .bss           0x0000000000800124        0x1 main.o
                0x0000000000800124                i
 .bss           0x0000000000800125       0x66 ./FreeRTOS/Source/tasks.o
                0x0000000000800125                pxCurrentTCB
 .bss           0x000000000080018b        0x0 ./FreeRTOS/Source/queue.o
 .bss           0x000000000080018b        0x0 ./FreeRTOS/Source/list.o
 .bss           0x000000000080018b       0x3a ./FreeRTOS/Source/croutine.o
                0x000000000080018b                pxCurrentCoRoutine
 .bss           0x00000000008001c5      0x5e0 ./FreeRTOS/Source/portable/MemMang/heap_1.o
 .bss           0x00000000008007a5        0x0 ./FreeRTOS/Source/portable/GCC/ATMega328/port.o
 .bss           0x00000000008007a5        0x0 ./uart.o
 .bss           0x00000000008007a5        0x0 /usr/lib/gcc/avr/5.4.0/avr5/libgcc.a(_exit.o)
 .bss           0x00000000008007a5        0x0 /usr/lib/gcc/avr/5.4.0/avr5/libgcc.a(_copy_data.o)
 .bss           0x00000000008007a5        0x0 /usr/lib/gcc/avr/5.4.0/avr5/libgcc.a(_clear_bss.o)
 .bss           0x00000000008007a5        0x0 /usr/lib/gcc/avr/5.4.0/../../../avr/lib/avr5/libc.a(memcpy.o)
 .bss           0x00000000008007a5        0x0 /usr/lib/gcc/avr/5.4.0/../../../avr/lib/avr5/libc.a(utoa.o)
 .bss           0x00000000008007a5        0x0 /usr/lib/gcc/avr/5.4.0/../../../avr/lib/avr5/libc.a(utoa_ncheck.o)
 .bss           0x00000000008007a5        0x0 /usr/lib/gcc/avr/5.4.0/../../../avr/lib/avr5/libc.a(fputc.o)
 .bss           0x00000000008007a5        0x0 /usr/lib/gcc/avr/5.4.0/../../../avr/lib/avr5/libc.a(iob.o)
 .bss           0x00000000008007a5        0x0 /usr/lib/gcc/avr/5.4.0/../../../avr/lib/avr5/libc.a(puts.o)
 .bss           0x00000000008007a5        0x0 /usr/lib/gcc/avr/5.4.0/../../../avr/lib/avr5/libc.a(strrev.o)
 *(.bss*)
 *(COMMON)
 COMMON         0x00000000008007a5        0x4 main.o
                0x00000000008007a5                mutex_a
                0x00000000008007a7                mutex_r
 COMMON         0x00000000008007a9        0x6 /usr/lib/gcc/avr/5.4.0/../../../avr/lib/avr5/libc.a(iob.o)
                0x00000000008007a9                __iob
                0x00000000008007af                PROVIDE (__bss_end, .)
                0x0000000000002900                __data_load_start = LOADADDR (.data)
                0x0000000000002924                __data_load_end = (__data_load_start + SIZEOF (.data))

.noinit         0x00000000008007af        0x0
                [!provide]                        PROVIDE (__noinit_start, .)
 *(.noinit*)
                [!provide]                        PROVIDE (__noinit_end, .)
                0x00000000008007af                _end = .
                [!provide]                        PROVIDE (__heap_start, .)

.eeprom         0x0000000000810000        0x0
 *(.eeprom*)
                0x0000000000810000                __eeprom_end = .

.fuse
 *(.fuse)
 *(.lfuse)
 *(.hfuse)
 *(.efuse)

.lock
 *(.lock*)

.signature
 *(.signature*)

.user_signatures
 *(.user_signatures*)

.stab           0x0000000000000000     0x7dac
 *(.stab)
 .stab          0x0000000000000000      0xc78 main.o
 .stab          0x0000000000000c78     0x2d48 ./FreeRTOS/Source/tasks.o
                                       0x3090 (size before relaxing)
 .stab          0x00000000000039c0     0x21e4 ./FreeRTOS/Source/queue.o
                                       0x26d0 (size before relaxing)
 .stab          0x0000000000005ba4      0x6cc ./FreeRTOS/Source/list.o
                                        0xabc (size before relaxing)
 .stab          0x0000000000006270      0x9a8 ./FreeRTOS/Source/croutine.o
                                        0xe64 (size before relaxing)
 .stab          0x0000000000006c18      0x528 ./FreeRTOS/Source/portable/MemMang/heap_1.o
                                        0x9e4 (size before relaxing)
 .stab          0x0000000000007140      0x7b0 ./FreeRTOS/Source/portable/GCC/ATMega328/port.o
                                        0xc60 (size before relaxing)
 .stab          0x00000000000078f0      0x4bc ./uart.o
                                        0x990 (size before relaxing)

.stabstr        0x0000000000000000     0x4667
 *(.stabstr)
 .stabstr       0x0000000000000000     0x4667 main.o

.stab.excl
 *(.stab.excl)

.stab.exclstr
 *(.stab.exclstr)

.stab.index
 *(.stab.index)

.stab.indexstr
 *(.stab.indexstr)

.comment        0x0000000000000000       0x11
 *(.comment)
 .comment       0x0000000000000000       0x11 main.o
                                         0x12 (size before relaxing)
 .comment       0x0000000000000011       0x12 ./FreeRTOS/Source/tasks.o
 .comment       0x0000000000000011       0x12 ./FreeRTOS/Source/queue.o
 .comment       0x0000000000000011       0x12 ./FreeRTOS/Source/list.o
 .comment       0x0000000000000011       0x12 ./FreeRTOS/Source/croutine.o
 .comment       0x0000000000000011       0x12 ./FreeRTOS/Source/portable/MemMang/heap_1.o
 .comment       0x0000000000000011       0x12 ./FreeRTOS/Source/portable/GCC/ATMega328/port.o
 .comment       0x0000000000000011       0x12 ./uart.o
 .comment       0x0000000000000011       0x12 /usr/lib/gcc/avr/5.4.0/../../../avr/lib/avr5/libc.a(fputc.o)
 .comment       0x0000000000000011       0x12 /usr/lib/gcc/avr/5.4.0/../../../avr/lib/avr5/libc.a(iob.o)
 .comment       0x0000000000000011       0x12 /usr/lib/gcc/avr/5.4.0/../../../avr/lib/avr5/libc.a(puts.o)

.note.gnu.avr.deviceinfo
                0x0000000000000000       0x40
 .note.gnu.avr.deviceinfo
                0x0000000000000000       0x40 /usr/lib/gcc/avr/5.4.0/../../../avr/lib/avr5/crtatmega328p.o

.note.gnu.build-id
 *(.note.gnu.build-id)

.debug
 *(.debug)

.line
 *(.line)

.debug_srcinfo
 *(.debug_srcinfo)

.debug_sfnames
 *(.debug_sfnames)

.debug_aranges
 *(.debug_aranges)

.debug_pubnames
 *(.debug_pubnames)

.debug_info     0x0000000000000000      0x5f4
 *(.debug_info .gnu.linkonce.wi.*)
 .debug_info    0x0000000000000000      0x5f4 /usr/lib/gcc/avr/5.4.0/../../../avr/lib/avr5/crtatmega328p.o

.debug_abbrev   0x0000000000000000      0x5a2
 *(.debug_abbrev)
 .debug_abbrev  0x0000000000000000      0x5a2 /usr/lib/gcc/avr/5.4.0/../../../avr/lib/avr5/crtatmega328p.o

.debug_line     0x0000000000000000       0x1a
 *(.debug_line .debug_line.* .debug_line_end)
 .debug_line    0x0000000000000000       0x1a /usr/lib/gcc/avr/5.4.0/../../../avr/lib/avr5/crtatmega328p.o

.debug_frame
 *(.debug_frame)

.debug_str      0x0000000000000000      0x208
 *(.debug_str)
 .debug_str     0x0000000000000000      0x208 /usr/lib/gcc/avr/5.4.0/../../../avr/lib/avr5/crtatmega328p.o

.debug_loc
 *(.debug_loc)

.debug_macinfo
 *(.debug_macinfo)

.debug_weaknames
 *(.debug_weaknames)

.debug_funcnames
 *(.debug_funcnames)

.debug_typenames
 *(.debug_typenames)

.debug_varnames
 *(.debug_varnames)

.debug_pubtypes
 *(.debug_pubtypes)

.debug_ranges
 *(.debug_ranges)

.debug_macro
 *(.debug_macro)
OUTPUT(freertos.elf elf32-avr)
LOAD linker stubs

Cross Reference Table

Symbol                                            File
__FUSE_REGION_LENGTH__                            /usr/lib/gcc/avr/5.4.0/../../../avr/lib/avr5/crtatmega328p.o
__bad_interrupt                                   /usr/lib/gcc/avr/5.4.0/../../../avr/lib/avr5/crtatmega328p.o
__bss_end                                         /usr/lib/gcc/avr/5.4.0/avr5/libgcc.a(_clear_bss.o)
__bss_start                                       /usr/lib/gcc/avr/5.4.0/avr5/libgcc.a(_clear_bss.o)
__data_end                                        /usr/lib/gcc/avr/5.4.0/avr5/libgcc.a(_copy_data.o)
__data_load_start                                 /usr/lib/gcc/avr/5.4.0/avr5/libgcc.a(_copy_data.o)
__data_start                                      /usr/lib/gcc/avr/5.4.0/avr5/libgcc.a(_copy_data.o)
__do_clear_bss                                    /usr/lib/gcc/avr/5.4.0/avr5/libgcc.a(_clear_bss.o)
                                                  /usr/lib/gcc/avr/5.4.0/../../../avr/lib/avr5/libc.a(iob.o)
                                                  ./FreeRTOS/Source/portable/MemMang/heap_1.o
                                                  ./FreeRTOS/Source/croutine.o
                                                  ./FreeRTOS/Source/tasks.o
                                                  main.o
__do_copy_data                                    /usr/lib/gcc/avr/5.4.0/avr5/libgcc.a(_copy_data.o)
                                                  ./uart.o
                                                  ./FreeRTOS/Source/tasks.o
                                                  main.o
__heap_end                                        /usr/lib/gcc/avr/5.4.0/../../../avr/lib/avr5/crtatmega328p.o
__init                                            /usr/lib/gcc/avr/5.4.0/../../../avr/lib/avr5/crtatmega328p.o
__iob                                             /usr/lib/gcc/avr/5.4.0/../../../avr/lib/avr5/libc.a(iob.o)
                                                  /usr/lib/gcc/avr/5.4.0/../../../avr/lib/avr5/libc.a(puts.o)
                                                  main.o
__stack                                           /usr/lib/gcc/avr/5.4.0/../../../avr/lib/avr5/crtatmega328p.o
__utoa                                            /usr/lib/gcc/avr/5.4.0/../../../avr/lib/avr5/libc.a(utoa.o)
__utoa_common                                     /usr/lib/gcc/avr/5.4.0/../../../avr/lib/avr5/libc.a(utoa_ncheck.o)
__utoa_ncheck                                     /usr/lib/gcc/avr/5.4.0/../../../avr/lib/avr5/libc.a(utoa_ncheck.o)
                                                  /usr/lib/gcc/avr/5.4.0/../../../avr/lib/avr5/libc.a(utoa.o)
__vector_1                                        /usr/lib/gcc/avr/5.4.0/../../../avr/lib/avr5/crtatmega328p.o
__vector_10                                       /usr/lib/gcc/avr/5.4.0/../../../avr/lib/avr5/crtatmega328p.o
__vector_11                                       ./FreeRTOS/Source/portable/GCC/ATMega328/port.o
                                                  /usr/lib/gcc/avr/5.4.0/../../../avr/lib/avr5/crtatmega328p.o
__vector_12                                       /usr/lib/gcc/avr/5.4.0/../../../avr/lib/avr5/crtatmega328p.o
__vector_13                                       /usr/lib/gcc/avr/5.4.0/../../../avr/lib/avr5/crtatmega328p.o
__vector_14                                       /usr/lib/gcc/avr/5.4.0/../../../avr/lib/avr5/crtatmega328p.o
__vector_15                                       /usr/lib/gcc/avr/5.4.0/../../../avr/lib/avr5/crtatmega328p.o
__vector_16                                       /usr/lib/gcc/avr/5.4.0/../../../avr/lib/avr5/crtatmega328p.o
__vector_17                                       /usr/lib/gcc/avr/5.4.0/../../../avr/lib/avr5/crtatmega328p.o
__vector_18                                       /usr/lib/gcc/avr/5.4.0/../../../avr/lib/avr5/crtatmega328p.o
__vector_19                                       /usr/lib/gcc/avr/5.4.0/../../../avr/lib/avr5/crtatmega328p.o
__vector_2                                        /usr/lib/gcc/avr/5.4.0/../../../avr/lib/avr5/crtatmega328p.o
__vector_20                                       /usr/lib/gcc/avr/5.4.0/../../../avr/lib/avr5/crtatmega328p.o
__vector_21                                       main.o
                                                  /usr/lib/gcc/avr/5.4.0/../../../avr/lib/avr5/crtatmega328p.o
__vector_22                                       /usr/lib/gcc/avr/5.4.0/../../../avr/lib/avr5/crtatmega328p.o
__vector_23                                       /usr/lib/gcc/avr/5.4.0/../../../avr/lib/avr5/crtatmega328p.o
__vector_24                                       /usr/lib/gcc/avr/5.4.0/../../../avr/lib/avr5/crtatmega328p.o
__vector_25                                       /usr/lib/gcc/avr/5.4.0/../../../avr/lib/avr5/crtatmega328p.o
__vector_3                                        /usr/lib/gcc/avr/5.4.0/../../../avr/lib/avr5/crtatmega328p.o
__vector_4                                        /usr/lib/gcc/avr/5.4.0/../../../avr/lib/avr5/crtatmega328p.o
__vector_5                                        /usr/lib/gcc/avr/5.4.0/../../../avr/lib/avr5/crtatmega328p.o
__vector_6                                        /usr/lib/gcc/avr/5.4.0/../../../avr/lib/avr5/crtatmega328p.o
__vector_7                                        /usr/lib/gcc/avr/5.4.0/../../../avr/lib/avr5/crtatmega328p.o
__vector_8                                        /usr/lib/gcc/avr/5.4.0/../../../avr/lib/avr5/crtatmega328p.o
__vector_9                                        /usr/lib/gcc/avr/5.4.0/../../../avr/lib/avr5/crtatmega328p.o
__vector_default                                  /usr/lib/gcc/avr/5.4.0/../../../avr/lib/avr5/crtatmega328p.o
__vectors                                         /usr/lib/gcc/avr/5.4.0/../../../avr/lib/avr5/crtatmega328p.o
_exit                                             /usr/lib/gcc/avr/5.4.0/avr5/libgcc.a(_exit.o)
adc_init                                          main.o
exit                                              /usr/lib/gcc/avr/5.4.0/avr5/libgcc.a(_exit.o)
                                                  /usr/lib/gcc/avr/5.4.0/../../../avr/lib/avr5/crtatmega328p.o
fputc                                             /usr/lib/gcc/avr/5.4.0/../../../avr/lib/avr5/libc.a(fputc.o)
                                                  main.o
i                                                 main.o
main                                              main.o
                                                  /usr/lib/gcc/avr/5.4.0/../../../avr/lib/avr5/crtatmega328p.o
memcpy                                            /usr/lib/gcc/avr/5.4.0/../../../avr/lib/avr5/libc.a(memcpy.o)
                                                  ./FreeRTOS/Source/queue.o
mutex_a                                           main.o
mutex_r                                           main.o
pcTaskGetName                                     ./FreeRTOS/Source/tasks.o
puts                                              /usr/lib/gcc/avr/5.4.0/../../../avr/lib/avr5/libc.a(puts.o)
                                                  main.o
pvPortMalloc                                      ./FreeRTOS/Source/portable/MemMang/heap_1.o
                                                  ./FreeRTOS/Source/croutine.o
                                                  ./FreeRTOS/Source/queue.o
                                                  ./FreeRTOS/Source/tasks.o
pvTaskIncrementMutexHeldCount                     ./FreeRTOS/Source/tasks.o
                                                  ./FreeRTOS/Source/queue.o
pxCurrentCoRoutine                                ./FreeRTOS/Source/croutine.o
pxCurrentTCB                                      ./FreeRTOS/Source/tasks.o
                                                  ./FreeRTOS/Source/portable/GCC/ATMega328/port.o
pxPortInitialiseStack                             ./FreeRTOS/Source/portable/GCC/ATMega328/port.o
                                                  ./FreeRTOS/Source/tasks.o
readADC                                           main.o
strrev                                            /usr/lib/gcc/avr/5.4.0/../../../avr/lib/avr5/libc.a(strrev.o)
                                                  /usr/lib/gcc/avr/5.4.0/../../../avr/lib/avr5/libc.a(utoa_ncheck.o)
uart_file                                         ./uart.o
                                                  main.o
uart_init                                         ./uart.o
                                                  main.o
uart_receive                                      ./uart.o
uart_transmit                                     ./uart.o
ulTaskNotifyTake                                  ./FreeRTOS/Source/tasks.o
utoa                                              /usr/lib/gcc/avr/5.4.0/../../../avr/lib/avr5/libc.a(utoa.o)
                                                  main.o
uxListRemove                                      ./FreeRTOS/Source/list.o
                                                  ./FreeRTOS/Source/croutine.o
                                                  ./FreeRTOS/Source/tasks.o
uxQueueMessagesWaiting                            ./FreeRTOS/Source/queue.o
uxQueueMessagesWaitingFromISR                     ./FreeRTOS/Source/queue.o
uxQueueSpacesAvailable                            ./FreeRTOS/Source/queue.o
uxTaskGetNumberOfTasks                            ./FreeRTOS/Source/tasks.o
uxTaskResetEventItemValue                         ./FreeRTOS/Source/tasks.o
vApplicationIdleHook                              main.o
                                                  ./FreeRTOS/Source/tasks.o
vCoRoutineAddToDelayedList                        ./FreeRTOS/Source/croutine.o
                                                  ./FreeRTOS/Source/queue.o
vCoRoutineSchedule                                ./FreeRTOS/Source/croutine.o
vListInitialise                                   ./FreeRTOS/Source/list.o
                                                  ./FreeRTOS/Source/croutine.o
                                                  ./FreeRTOS/Source/queue.o
                                                  ./FreeRTOS/Source/tasks.o
vListInitialiseItem                               ./FreeRTOS/Source/list.o
                                                  ./FreeRTOS/Source/croutine.o
                                                  ./FreeRTOS/Source/tasks.o
vListInsert                                       ./FreeRTOS/Source/list.o
                                                  ./FreeRTOS/Source/croutine.o
                                                  ./FreeRTOS/Source/tasks.o
vListInsertEnd                                    ./FreeRTOS/Source/list.o
                                                  ./FreeRTOS/Source/croutine.o
                                                  ./FreeRTOS/Source/tasks.o
vPortEndScheduler                                 ./FreeRTOS/Source/portable/GCC/ATMega328/port.o
                                                  ./FreeRTOS/Source/tasks.o
vPortFree                                         ./FreeRTOS/Source/portable/MemMang/heap_1.o
                                                  ./FreeRTOS/Source/queue.o
                                                  ./FreeRTOS/Source/tasks.o
vPortInitialiseBlocks                             ./FreeRTOS/Source/portable/MemMang/heap_1.o
vPortYield                                        ./FreeRTOS/Source/portable/GCC/ATMega328/port.o
                                                  ./uart.o
                                                  ./FreeRTOS/Source/queue.o
                                                  ./FreeRTOS/Source/tasks.o
vPortYieldFromTick                                ./FreeRTOS/Source/portable/GCC/ATMega328/port.o
vQueueDelete                                      ./FreeRTOS/Source/queue.o
vTaskDelay                                        ./FreeRTOS/Source/tasks.o
                                                  main.o
vTaskDelayUntil                                   ./FreeRTOS/Source/tasks.o
vTaskDelete                                       ./FreeRTOS/Source/tasks.o
vTaskEndScheduler                                 ./FreeRTOS/Source/tasks.o
vTaskInternalSetTimeOutState                      ./FreeRTOS/Source/tasks.o
                                                  ./FreeRTOS/Source/queue.o
vTaskMissedYield                                  ./FreeRTOS/Source/tasks.o
                                                  ./FreeRTOS/Source/queue.o
vTaskNotifyGiveFromISR                            ./FreeRTOS/Source/tasks.o
vTaskPlaceOnEventList                             ./FreeRTOS/Source/tasks.o
                                                  ./FreeRTOS/Source/queue.o
vTaskPlaceOnUnorderedEventList                    ./FreeRTOS/Source/tasks.o
vTaskPriorityDisinheritAfterTimeout               ./FreeRTOS/Source/tasks.o
                                                  ./FreeRTOS/Source/queue.o
vTaskRemoveFromUnorderedEventList                 ./FreeRTOS/Source/tasks.o
vTaskResume                                       ./FreeRTOS/Source/tasks.o
vTaskSetTimeOutState                              ./FreeRTOS/Source/tasks.o
vTaskStartScheduler                               ./FreeRTOS/Source/tasks.o
                                                  main.o
vTaskSuspend                                      ./FreeRTOS/Source/tasks.o
vTaskSuspendAll                                   ./FreeRTOS/Source/tasks.o
                                                  ./FreeRTOS/Source/portable/MemMang/heap_1.o
                                                  ./FreeRTOS/Source/queue.o
vTaskSwitchContext                                ./FreeRTOS/Source/tasks.o
                                                  ./FreeRTOS/Source/portable/GCC/ATMega328/port.o
xCoRoutineCreate                                  ./FreeRTOS/Source/croutine.o
xCoRoutineRemoveFromEventList                     ./FreeRTOS/Source/croutine.o
                                                  ./FreeRTOS/Source/queue.o
xPortGetFreeHeapSize                              ./FreeRTOS/Source/portable/MemMang/heap_1.o
xPortStartScheduler                               ./FreeRTOS/Source/portable/GCC/ATMega328/port.o
                                                  ./FreeRTOS/Source/tasks.o
xQueueCRReceive                                   ./FreeRTOS/Source/queue.o
xQueueCRReceiveFromISR                            ./FreeRTOS/Source/queue.o
xQueueCRSend                                      ./FreeRTOS/Source/queue.o
xQueueCRSendFromISR                               ./FreeRTOS/Source/queue.o
xQueueCreateMutex                                 ./FreeRTOS/Source/queue.o
                                                  main.o
xQueueGenericCreate                               ./FreeRTOS/Source/queue.o
xQueueGenericReset                                ./FreeRTOS/Source/queue.o
xQueueGenericSend                                 ./FreeRTOS/Source/queue.o
                                                  main.o
xQueueGenericSendFromISR                          ./FreeRTOS/Source/queue.o
xQueueGiveFromISR                                 ./FreeRTOS/Source/queue.o
                                                  main.o
xQueueIsQueueEmptyFromISR                         ./FreeRTOS/Source/queue.o
xQueueIsQueueFullFromISR                          ./FreeRTOS/Source/queue.o
xQueuePeek                                        ./FreeRTOS/Source/queue.o
xQueuePeekFromISR                                 ./FreeRTOS/Source/queue.o
xQueueReceive                                     ./FreeRTOS/Source/queue.o
xQueueReceiveFromISR                              ./FreeRTOS/Source/queue.o
xQueueSemaphoreTake                               ./FreeRTOS/Source/queue.o
                                                  main.o
xTaskCheckForTimeOut                              ./FreeRTOS/Source/tasks.o
                                                  ./FreeRTOS/Source/queue.o
xTaskCreate                                       ./FreeRTOS/Source/tasks.o
                                                  main.o
xTaskGenericNotify                                ./FreeRTOS/Source/tasks.o
xTaskGenericNotifyFromISR                         ./FreeRTOS/Source/tasks.o
xTaskGetCurrentTaskHandle                         ./FreeRTOS/Source/tasks.o
xTaskGetTickCount                                 ./FreeRTOS/Source/tasks.o
                                                  ./FreeRTOS/Source/croutine.o
xTaskGetTickCountFromISR                          ./FreeRTOS/Source/tasks.o
xTaskIncrementTick                                ./FreeRTOS/Source/tasks.o
                                                  ./FreeRTOS/Source/portable/GCC/ATMega328/port.o
xTaskNotifyStateClear                             ./FreeRTOS/Source/tasks.o
xTaskNotifyWait                                   ./FreeRTOS/Source/tasks.o
xTaskPriorityDisinherit                           ./FreeRTOS/Source/tasks.o
                                                  ./FreeRTOS/Source/queue.o
xTaskPriorityInherit                              ./FreeRTOS/Source/tasks.o
                                                  ./FreeRTOS/Source/queue.o
xTaskRemoveFromEventList                          ./FreeRTOS/Source/tasks.o
                                                  ./FreeRTOS/Source/queue.o
xTaskResumeAll                                    ./FreeRTOS/Source/tasks.o
                                                  ./FreeRTOS/Source/portable/MemMang/heap_1.o
                                                  ./FreeRTOS/Source/queue.o
xTaskResumeFromISR                                ./FreeRTOS/Source/tasks.o
